---
source: crates/react_hermes_parser/tests/parser_test.rs
expression: "format!(\"Input:\\n{input}\\n\\nOutput:\\n{output}\")"
input_file: crates/react_hermes_parser/tests/fixtures/builtin-jsx-tag-lowered-between-mutations.js
---
Input:
function Component(props) {
  const maybeMutable = new MaybeMutable();
  return <div>{maybeMutate(maybeMutable)}</div>;
}


Output:
{
  "type": "Program",
  "body": [
    {
      "type": "FunctionDeclaration",
      "id": {
        "type": "Identifier",
        "name": "Component",
        "typeAnnotation": null,
        "loc": null,
        "range": [
          9,
          18
        ]
      },
      "params": [
        {
          "type": "Identifier",
          "name": "props",
          "typeAnnotation": null,
          "loc": null,
          "range": [
            19,
            24
          ]
        }
      ],
      "body": {
        "type": "BlockStatement",
        "body": [
          {
            "type": "VariableDeclaration",
            "kind": "const",
            "declarations": [
              {
                "type": "VariableDeclarator",
                "id": {
                  "type": "Identifier",
                  "name": "maybeMutable",
                  "typeAnnotation": null,
                  "loc": null,
                  "range": [
                    36,
                    48
                  ]
                },
                "init": {
                  "type": "NewExpression",
                  "callee": {
                    "type": "Identifier",
                    "name": "MaybeMutable",
                    "typeAnnotation": null,
                    "loc": null,
                    "range": [
                      55,
                      67
                    ]
                  },
                  "arguments": [],
                  "loc": null,
                  "range": [
                    51,
                    69
                  ]
                },
                "loc": null,
                "range": [
                  36,
                  69
                ]
              }
            ],
            "loc": null,
            "range": [
              30,
              70
            ]
          },
          {
            "type": "ReturnStatement",
            "argument": {
              "type": "JSXElement",
              "openingElement": {
                "type": "JSXOpeningElement",
                "name": {
                  "type": "JSXIdentifier",
                  "name": "div",
                  "loc": null,
                  "range": [
                    81,
                    84
                  ]
                },
                "attributes": [],
                "selfClosing": false,
                "loc": null,
                "range": [
                  80,
                  85
                ]
              },
              "children": [
                {
                  "type": "JSXExpressionContainer",
                  "expression": {
                    "type": "CallExpression",
                    "callee": {
                      "type": "Identifier",
                      "name": "maybeMutate",
                      "typeAnnotation": null,
                      "loc": null,
                      "range": [
                        86,
                        97
                      ]
                    },
                    "arguments": [
                      {
                        "type": "Identifier",
                        "name": "maybeMutable",
                        "typeAnnotation": null,
                        "loc": null,
                        "range": [
                          98,
                          110
                        ]
                      }
                    ],
                    "loc": null,
                    "range": [
                      86,
                      111
                    ]
                  },
                  "loc": null,
                  "range": [
                    85,
                    112
                  ]
                }
              ],
              "closingElement": {
                "type": "JSXClosingElement",
                "name": {
                  "type": "JSXIdentifier",
                  "name": "div",
                  "loc": null,
                  "range": [
                    114,
                    117
                  ]
                },
                "loc": null,
                "range": [
                  112,
                  118
                ]
              },
              "loc": null,
              "range": [
                80,
                118
              ]
            },
            "loc": null,
            "range": [
              73,
              119
            ]
          }
        ],
        "loc": null,
        "range": [
          26,
          121
        ]
      },
      "generator": false,
      "async": false,
      "loc": null,
      "range": [
        0,
        121
      ],
      "loc": null,
      "range": [
        0,
        121
      ]
    }
  ],
  "sourceType": "script",
  "loc": null,
  "range": [
    0,
    121
  ]
}
