---
source: crates/forget_hermes_parser/tests/parser_test.rs
expression: "format!(\"Input:\\n{input}\\n\\nOutput:\\n{output}\")"
input_file: crates/forget_hermes_parser/tests/fixtures/inverted-if.js
---
Input:
function foo(a, b, c, d) {
  let y = [];
  label: if (a) {
    if (b) {
      y.push(c);
      break label;
    }
    y.push(d);
  }
  return y;
}


Output:
{
  "type": "Program",
  "body": [
    {
      "type": "FunctionDeclaration",
      "id": {
        "type": "Identifier",
        "name": "foo",
        "typeAnnotation": null,
        "loc": null,
        "range": {
          "start": 9,
          "end": 12
        }
      },
      "params": [
        {
          "type": "Identifier",
          "name": "a",
          "typeAnnotation": null,
          "loc": null,
          "range": {
            "start": 13,
            "end": 14
          }
        },
        {
          "type": "Identifier",
          "name": "b",
          "typeAnnotation": null,
          "loc": null,
          "range": {
            "start": 16,
            "end": 17
          }
        },
        {
          "type": "Identifier",
          "name": "c",
          "typeAnnotation": null,
          "loc": null,
          "range": {
            "start": 19,
            "end": 20
          }
        },
        {
          "type": "Identifier",
          "name": "d",
          "typeAnnotation": null,
          "loc": null,
          "range": {
            "start": 22,
            "end": 23
          }
        }
      ],
      "body": {
        "type": "BlockStatement",
        "body": [
          {
            "type": "VariableDeclaration",
            "kind": "let",
            "declarations": [
              {
                "type": "VariableDeclarator",
                "id": {
                  "type": "Identifier",
                  "name": "y",
                  "typeAnnotation": null,
                  "loc": null,
                  "range": {
                    "start": 33,
                    "end": 34
                  }
                },
                "init": {
                  "type": "ArrayExpression",
                  "elements": [],
                  "loc": null,
                  "range": {
                    "start": 37,
                    "end": 39
                  }
                },
                "loc": null,
                "range": {
                  "start": 33,
                  "end": 39
                }
              }
            ],
            "loc": null,
            "range": {
              "start": 29,
              "end": 40
            }
          },
          {
            "type": "LabeledStatement",
            "label": {
              "type": "Identifier",
              "name": "label",
              "typeAnnotation": null,
              "loc": null,
              "range": {
                "start": 43,
                "end": 48
              }
            },
            "body": {
              "type": "IfStatement",
              "test": {
                "type": "Identifier",
                "name": "a",
                "typeAnnotation": null,
                "loc": null,
                "range": {
                  "start": 54,
                  "end": 55
                }
              },
              "consequent": {
                "type": "BlockStatement",
                "body": [
                  {
                    "type": "IfStatement",
                    "test": {
                      "type": "Identifier",
                      "name": "b",
                      "typeAnnotation": null,
                      "loc": null,
                      "range": {
                        "start": 67,
                        "end": 68
                      }
                    },
                    "consequent": {
                      "type": "BlockStatement",
                      "body": [
                        {
                          "type": "ExpressionStatement",
                          "expression": {
                            "type": "CallExpression",
                            "callee": {
                              "type": "MemberExpression",
                              "object": {
                                "type": "Identifier",
                                "name": "y",
                                "typeAnnotation": null,
                                "loc": null,
                                "range": {
                                  "start": 78,
                                  "end": 79
                                }
                              },
                              "property": {
                                "type": "Identifier",
                                "name": "push",
                                "typeAnnotation": null,
                                "loc": null,
                                "range": {
                                  "start": 80,
                                  "end": 84
                                }
                              },
                              "computed": false,
                              "loc": null,
                              "range": {
                                "start": 78,
                                "end": 84
                              }
                            },
                            "arguments": [
                              {
                                "type": "Identifier",
                                "name": "c",
                                "typeAnnotation": null,
                                "loc": null,
                                "range": {
                                  "start": 85,
                                  "end": 86
                                }
                              }
                            ],
                            "loc": null,
                            "range": {
                              "start": 78,
                              "end": 87
                            }
                          },
                          "directive": null,
                          "loc": null,
                          "range": {
                            "start": 78,
                            "end": 88
                          }
                        },
                        {
                          "type": "BreakStatement",
                          "label": {
                            "type": "Identifier",
                            "name": "label",
                            "typeAnnotation": null,
                            "loc": null,
                            "range": {
                              "start": 101,
                              "end": 106
                            }
                          },
                          "loc": null,
                          "range": {
                            "start": 95,
                            "end": 107
                          }
                        }
                      ],
                      "loc": null,
                      "range": {
                        "start": 70,
                        "end": 113
                      }
                    },
                    "alternate": null,
                    "loc": null,
                    "range": {
                      "start": 63,
                      "end": 113
                    }
                  },
                  {
                    "type": "ExpressionStatement",
                    "expression": {
                      "type": "CallExpression",
                      "callee": {
                        "type": "MemberExpression",
                        "object": {
                          "type": "Identifier",
                          "name": "y",
                          "typeAnnotation": null,
                          "loc": null,
                          "range": {
                            "start": 118,
                            "end": 119
                          }
                        },
                        "property": {
                          "type": "Identifier",
                          "name": "push",
                          "typeAnnotation": null,
                          "loc": null,
                          "range": {
                            "start": 120,
                            "end": 124
                          }
                        },
                        "computed": false,
                        "loc": null,
                        "range": {
                          "start": 118,
                          "end": 124
                        }
                      },
                      "arguments": [
                        {
                          "type": "Identifier",
                          "name": "d",
                          "typeAnnotation": null,
                          "loc": null,
                          "range": {
                            "start": 125,
                            "end": 126
                          }
                        }
                      ],
                      "loc": null,
                      "range": {
                        "start": 118,
                        "end": 127
                      }
                    },
                    "directive": null,
                    "loc": null,
                    "range": {
                      "start": 118,
                      "end": 128
                    }
                  }
                ],
                "loc": null,
                "range": {
                  "start": 57,
                  "end": 132
                }
              },
              "alternate": null,
              "loc": null,
              "range": {
                "start": 50,
                "end": 132
              }
            },
            "loc": null,
            "range": {
              "start": 43,
              "end": 132
            }
          },
          {
            "type": "ReturnStatement",
            "argument": {
              "type": "Identifier",
              "name": "y",
              "typeAnnotation": null,
              "loc": null,
              "range": {
                "start": 142,
                "end": 143
              }
            },
            "loc": null,
            "range": {
              "start": 135,
              "end": 144
            }
          }
        ],
        "loc": null,
        "range": {
          "start": 25,
          "end": 146
        }
      },
      "generator": false,
      "async": false,
      "loc": null,
      "range": {
        "start": 0,
        "end": 146
      },
      "loc": null,
      "range": {
        "start": 0,
        "end": 146
      }
    }
  ],
  "sourceType": "script",
  "loc": null,
  "range": {
    "start": 0,
    "end": 146
  }
}
