---
source: crates/forget_hermes_parser/tests/parser_test.rs
expression: "format!(\"Input:\\n{input}\\n\\nOutput:\\n{output}\")"
input_file: crates/forget_hermes_parser/tests/fixtures/inner-memo-value-not-promoted-to-outer-scope-dynamic.js
---
Input:
function Component(props) {
  const item = useFragment(FRAGMENT, props.item);
  useFreeze(item);

  const count = new MaybeMutable(item);
  return (
    <View>
      <View>
        {<span>Text</span>}
        {<span>{maybeMutate(count)}</span>}
      </View>
    </View>
  );
}


Output:
{
  "type": "Program",
  "body": [
    {
      "type": "FunctionDeclaration",
      "id": {
        "type": "Identifier",
        "name": "Component",
        "typeAnnotation": null,
        "loc": null,
        "range": {
          "start": 9,
          "end": 18
        }
      },
      "params": [
        {
          "type": "Identifier",
          "name": "props",
          "typeAnnotation": null,
          "loc": null,
          "range": {
            "start": 19,
            "end": 24
          }
        }
      ],
      "body": {
        "type": "BlockStatement",
        "body": [
          {
            "type": "VariableDeclaration",
            "kind": "const",
            "declarations": [
              {
                "type": "VariableDeclarator",
                "id": {
                  "type": "Identifier",
                  "name": "item",
                  "typeAnnotation": null,
                  "loc": null,
                  "range": {
                    "start": 36,
                    "end": 40
                  }
                },
                "init": {
                  "type": "CallExpression",
                  "callee": {
                    "type": "Identifier",
                    "name": "useFragment",
                    "typeAnnotation": null,
                    "loc": null,
                    "range": {
                      "start": 43,
                      "end": 54
                    }
                  },
                  "arguments": [
                    {
                      "type": "Identifier",
                      "name": "FRAGMENT",
                      "typeAnnotation": null,
                      "loc": null,
                      "range": {
                        "start": 55,
                        "end": 63
                      }
                    },
                    {
                      "type": "MemberExpression",
                      "object": {
                        "type": "Identifier",
                        "name": "props",
                        "typeAnnotation": null,
                        "loc": null,
                        "range": {
                          "start": 65,
                          "end": 70
                        }
                      },
                      "property": {
                        "type": "Identifier",
                        "name": "item",
                        "typeAnnotation": null,
                        "loc": null,
                        "range": {
                          "start": 71,
                          "end": 75
                        }
                      },
                      "computed": false,
                      "loc": null,
                      "range": {
                        "start": 65,
                        "end": 75
                      }
                    }
                  ],
                  "loc": null,
                  "range": {
                    "start": 43,
                    "end": 76
                  }
                },
                "loc": null,
                "range": {
                  "start": 36,
                  "end": 76
                }
              }
            ],
            "loc": null,
            "range": {
              "start": 30,
              "end": 77
            }
          },
          {
            "type": "ExpressionStatement",
            "expression": {
              "type": "CallExpression",
              "callee": {
                "type": "Identifier",
                "name": "useFreeze",
                "typeAnnotation": null,
                "loc": null,
                "range": {
                  "start": 80,
                  "end": 89
                }
              },
              "arguments": [
                {
                  "type": "Identifier",
                  "name": "item",
                  "typeAnnotation": null,
                  "loc": null,
                  "range": {
                    "start": 90,
                    "end": 94
                  }
                }
              ],
              "loc": null,
              "range": {
                "start": 80,
                "end": 95
              }
            },
            "directive": null,
            "loc": null,
            "range": {
              "start": 80,
              "end": 96
            }
          },
          {
            "type": "VariableDeclaration",
            "kind": "const",
            "declarations": [
              {
                "type": "VariableDeclarator",
                "id": {
                  "type": "Identifier",
                  "name": "count",
                  "typeAnnotation": null,
                  "loc": null,
                  "range": {
                    "start": 106,
                    "end": 111
                  }
                },
                "init": {
                  "type": "NewExpression",
                  "callee": {
                    "type": "Identifier",
                    "name": "MaybeMutable",
                    "typeAnnotation": null,
                    "loc": null,
                    "range": {
                      "start": 118,
                      "end": 130
                    }
                  },
                  "arguments": [
                    {
                      "type": "Identifier",
                      "name": "item",
                      "typeAnnotation": null,
                      "loc": null,
                      "range": {
                        "start": 131,
                        "end": 135
                      }
                    }
                  ],
                  "loc": null,
                  "range": {
                    "start": 114,
                    "end": 136
                  }
                },
                "loc": null,
                "range": {
                  "start": 106,
                  "end": 136
                }
              }
            ],
            "loc": null,
            "range": {
              "start": 100,
              "end": 137
            }
          },
          {
            "type": "ReturnStatement",
            "argument": {
              "type": "JSXElement",
              "openingElement": {
                "type": "JSXOpeningElement",
                "name": {
                  "type": "JSXIdentifier",
                  "name": "View",
                  "loc": null,
                  "range": {
                    "start": 154,
                    "end": 158
                  }
                },
                "attributes": [],
                "selfClosing": false,
                "loc": null,
                "range": {
                  "start": 153,
                  "end": 159
                }
              },
              "children": [
                {
                  "type": "JSXText",
                  "value": "\n      ",
                  "raw": "\n      ",
                  "loc": null,
                  "range": {
                    "start": 159,
                    "end": 166
                  }
                },
                {
                  "type": "JSXElement",
                  "openingElement": {
                    "type": "JSXOpeningElement",
                    "name": {
                      "type": "JSXIdentifier",
                      "name": "View",
                      "loc": null,
                      "range": {
                        "start": 167,
                        "end": 171
                      }
                    },
                    "attributes": [],
                    "selfClosing": false,
                    "loc": null,
                    "range": {
                      "start": 166,
                      "end": 172
                    }
                  },
                  "children": [
                    {
                      "type": "JSXText",
                      "value": "\n        ",
                      "raw": "\n        ",
                      "loc": null,
                      "range": {
                        "start": 172,
                        "end": 181
                      }
                    },
                    {
                      "type": "JSXExpressionContainer",
                      "expression": {
                        "type": "JSXElement",
                        "openingElement": {
                          "type": "JSXOpeningElement",
                          "name": {
                            "type": "JSXIdentifier",
                            "name": "span",
                            "loc": null,
                            "range": {
                              "start": 183,
                              "end": 187
                            }
                          },
                          "attributes": [],
                          "selfClosing": false,
                          "loc": null,
                          "range": {
                            "start": 182,
                            "end": 188
                          }
                        },
                        "children": [
                          {
                            "type": "JSXText",
                            "value": "Text",
                            "raw": "Text",
                            "loc": null,
                            "range": {
                              "start": 188,
                              "end": 192
                            }
                          }
                        ],
                        "closingElement": {
                          "type": "JSXClosingElement",
                          "name": {
                            "type": "JSXIdentifier",
                            "name": "span",
                            "loc": null,
                            "range": {
                              "start": 194,
                              "end": 198
                            }
                          },
                          "loc": null,
                          "range": {
                            "start": 192,
                            "end": 199
                          }
                        },
                        "loc": null,
                        "range": {
                          "start": 182,
                          "end": 199
                        }
                      },
                      "loc": null,
                      "range": {
                        "start": 181,
                        "end": 200
                      }
                    },
                    {
                      "type": "JSXText",
                      "value": "\n        ",
                      "raw": "\n        ",
                      "loc": null,
                      "range": {
                        "start": 200,
                        "end": 209
                      }
                    },
                    {
                      "type": "JSXExpressionContainer",
                      "expression": {
                        "type": "JSXElement",
                        "openingElement": {
                          "type": "JSXOpeningElement",
                          "name": {
                            "type": "JSXIdentifier",
                            "name": "span",
                            "loc": null,
                            "range": {
                              "start": 211,
                              "end": 215
                            }
                          },
                          "attributes": [],
                          "selfClosing": false,
                          "loc": null,
                          "range": {
                            "start": 210,
                            "end": 216
                          }
                        },
                        "children": [
                          {
                            "type": "JSXExpressionContainer",
                            "expression": {
                              "type": "CallExpression",
                              "callee": {
                                "type": "Identifier",
                                "name": "maybeMutate",
                                "typeAnnotation": null,
                                "loc": null,
                                "range": {
                                  "start": 217,
                                  "end": 228
                                }
                              },
                              "arguments": [
                                {
                                  "type": "Identifier",
                                  "name": "count",
                                  "typeAnnotation": null,
                                  "loc": null,
                                  "range": {
                                    "start": 229,
                                    "end": 234
                                  }
                                }
                              ],
                              "loc": null,
                              "range": {
                                "start": 217,
                                "end": 235
                              }
                            },
                            "loc": null,
                            "range": {
                              "start": 216,
                              "end": 236
                            }
                          }
                        ],
                        "closingElement": {
                          "type": "JSXClosingElement",
                          "name": {
                            "type": "JSXIdentifier",
                            "name": "span",
                            "loc": null,
                            "range": {
                              "start": 238,
                              "end": 242
                            }
                          },
                          "loc": null,
                          "range": {
                            "start": 236,
                            "end": 243
                          }
                        },
                        "loc": null,
                        "range": {
                          "start": 210,
                          "end": 243
                        }
                      },
                      "loc": null,
                      "range": {
                        "start": 209,
                        "end": 244
                      }
                    },
                    {
                      "type": "JSXText",
                      "value": "\n      ",
                      "raw": "\n      ",
                      "loc": null,
                      "range": {
                        "start": 244,
                        "end": 251
                      }
                    }
                  ],
                  "closingElement": {
                    "type": "JSXClosingElement",
                    "name": {
                      "type": "JSXIdentifier",
                      "name": "View",
                      "loc": null,
                      "range": {
                        "start": 253,
                        "end": 257
                      }
                    },
                    "loc": null,
                    "range": {
                      "start": 251,
                      "end": 258
                    }
                  },
                  "loc": null,
                  "range": {
                    "start": 166,
                    "end": 258
                  }
                },
                {
                  "type": "JSXText",
                  "value": "\n    ",
                  "raw": "\n    ",
                  "loc": null,
                  "range": {
                    "start": 258,
                    "end": 263
                  }
                }
              ],
              "closingElement": {
                "type": "JSXClosingElement",
                "name": {
                  "type": "JSXIdentifier",
                  "name": "View",
                  "loc": null,
                  "range": {
                    "start": 265,
                    "end": 269
                  }
                },
                "loc": null,
                "range": {
                  "start": 263,
                  "end": 270
                }
              },
              "loc": null,
              "range": {
                "start": 153,
                "end": 270
              }
            },
            "loc": null,
            "range": {
              "start": 140,
              "end": 275
            }
          }
        ],
        "loc": null,
        "range": {
          "start": 26,
          "end": 277
        }
      },
      "generator": false,
      "async": false,
      "loc": null,
      "range": {
        "start": 0,
        "end": 277
      },
      "loc": null,
      "range": {
        "start": 0,
        "end": 277
      }
    }
  ],
  "sourceType": "script",
  "loc": null,
  "range": {
    "start": 0,
    "end": 277
  }
}
