---
source: crates/forget_hermes_parser/tests/parser_test.rs
expression: "format!(\"Input:\\n{input}\\n\\nOutput:\\n{output}\")"
input_file: crates/forget_hermes_parser/tests/fixtures/dominator.js
---
Input:
function Component(props) {
  let x = 0;
  label: if (props.a) {
    x = 1;
  } else {
    if (props.b) {
      x = 2;
    } else {
      break label;
    }
    x = 3;
  }
  label2: switch (props.c) {
    case "a": {
      x = 4;
      break;
    }
    case "b": {
      break label2;
    }
    case "c": {
      x = 5;
      // intentional fallthrough
    }
    default: {
      x = 6;
    }
  }
  if (props.d) {
    return null;
  }
  return x;
}


Output:
{
  "type": "Program",
  "body": [
    {
      "type": "FunctionDeclaration",
      "id": {
        "type": "Identifier",
        "name": "Component",
        "typeAnnotation": null,
        "loc": null,
        "range": {
          "start": 9,
          "end": 18
        }
      },
      "params": [
        {
          "type": "Identifier",
          "name": "props",
          "typeAnnotation": null,
          "loc": null,
          "range": {
            "start": 19,
            "end": 24
          }
        }
      ],
      "body": {
        "type": "BlockStatement",
        "body": [
          {
            "type": "VariableDeclaration",
            "kind": "let",
            "declarations": [
              {
                "type": "VariableDeclarator",
                "id": {
                  "type": "Identifier",
                  "name": "x",
                  "typeAnnotation": null,
                  "loc": null,
                  "range": {
                    "start": 34,
                    "end": 35
                  }
                },
                "init": {
                  "type": "NumericLiteral",
                  "value": 0.0,
                  "loc": null,
                  "range": {
                    "start": 38,
                    "end": 39
                  }
                },
                "loc": null,
                "range": {
                  "start": 34,
                  "end": 39
                }
              }
            ],
            "loc": null,
            "range": {
              "start": 30,
              "end": 40
            }
          },
          {
            "type": "LabeledStatement",
            "label": {
              "type": "Identifier",
              "name": "label",
              "typeAnnotation": null,
              "loc": null,
              "range": {
                "start": 43,
                "end": 48
              }
            },
            "body": {
              "type": "IfStatement",
              "test": {
                "type": "MemberExpression",
                "object": {
                  "type": "Identifier",
                  "name": "props",
                  "typeAnnotation": null,
                  "loc": null,
                  "range": {
                    "start": 54,
                    "end": 59
                  }
                },
                "property": {
                  "type": "Identifier",
                  "name": "a",
                  "typeAnnotation": null,
                  "loc": null,
                  "range": {
                    "start": 60,
                    "end": 61
                  }
                },
                "computed": false,
                "loc": null,
                "range": {
                  "start": 54,
                  "end": 61
                }
              },
              "consequent": {
                "type": "BlockStatement",
                "body": [
                  {
                    "type": "ExpressionStatement",
                    "expression": {
                      "type": "AssignmentExpression",
                      "operator": "=",
                      "left": {
                        "type": "Identifier",
                        "name": "x",
                        "typeAnnotation": null,
                        "loc": null,
                        "range": {
                          "start": 69,
                          "end": 70
                        }
                      },
                      "right": {
                        "type": "NumericLiteral",
                        "value": 1.0,
                        "loc": null,
                        "range": {
                          "start": 73,
                          "end": 74
                        }
                      },
                      "loc": null,
                      "range": {
                        "start": 69,
                        "end": 74
                      }
                    },
                    "directive": null,
                    "loc": null,
                    "range": {
                      "start": 69,
                      "end": 75
                    }
                  }
                ],
                "loc": null,
                "range": {
                  "start": 63,
                  "end": 79
                }
              },
              "alternate": {
                "type": "BlockStatement",
                "body": [
                  {
                    "type": "IfStatement",
                    "test": {
                      "type": "MemberExpression",
                      "object": {
                        "type": "Identifier",
                        "name": "props",
                        "typeAnnotation": null,
                        "loc": null,
                        "range": {
                          "start": 95,
                          "end": 100
                        }
                      },
                      "property": {
                        "type": "Identifier",
                        "name": "b",
                        "typeAnnotation": null,
                        "loc": null,
                        "range": {
                          "start": 101,
                          "end": 102
                        }
                      },
                      "computed": false,
                      "loc": null,
                      "range": {
                        "start": 95,
                        "end": 102
                      }
                    },
                    "consequent": {
                      "type": "BlockStatement",
                      "body": [
                        {
                          "type": "ExpressionStatement",
                          "expression": {
                            "type": "AssignmentExpression",
                            "operator": "=",
                            "left": {
                              "type": "Identifier",
                              "name": "x",
                              "typeAnnotation": null,
                              "loc": null,
                              "range": {
                                "start": 112,
                                "end": 113
                              }
                            },
                            "right": {
                              "type": "NumericLiteral",
                              "value": 2.0,
                              "loc": null,
                              "range": {
                                "start": 116,
                                "end": 117
                              }
                            },
                            "loc": null,
                            "range": {
                              "start": 112,
                              "end": 117
                            }
                          },
                          "directive": null,
                          "loc": null,
                          "range": {
                            "start": 112,
                            "end": 118
                          }
                        }
                      ],
                      "loc": null,
                      "range": {
                        "start": 104,
                        "end": 124
                      }
                    },
                    "alternate": {
                      "type": "BlockStatement",
                      "body": [
                        {
                          "type": "BreakStatement",
                          "label": {
                            "type": "Identifier",
                            "name": "label",
                            "typeAnnotation": null,
                            "loc": null,
                            "range": {
                              "start": 144,
                              "end": 149
                            }
                          },
                          "loc": null,
                          "range": {
                            "start": 138,
                            "end": 150
                          }
                        }
                      ],
                      "loc": null,
                      "range": {
                        "start": 130,
                        "end": 156
                      }
                    },
                    "loc": null,
                    "range": {
                      "start": 91,
                      "end": 156
                    }
                  },
                  {
                    "type": "ExpressionStatement",
                    "expression": {
                      "type": "AssignmentExpression",
                      "operator": "=",
                      "left": {
                        "type": "Identifier",
                        "name": "x",
                        "typeAnnotation": null,
                        "loc": null,
                        "range": {
                          "start": 161,
                          "end": 162
                        }
                      },
                      "right": {
                        "type": "NumericLiteral",
                        "value": 3.0,
                        "loc": null,
                        "range": {
                          "start": 165,
                          "end": 166
                        }
                      },
                      "loc": null,
                      "range": {
                        "start": 161,
                        "end": 166
                      }
                    },
                    "directive": null,
                    "loc": null,
                    "range": {
                      "start": 161,
                      "end": 167
                    }
                  }
                ],
                "loc": null,
                "range": {
                  "start": 85,
                  "end": 171
                }
              },
              "loc": null,
              "range": {
                "start": 50,
                "end": 171
              }
            },
            "loc": null,
            "range": {
              "start": 43,
              "end": 171
            }
          },
          {
            "type": "LabeledStatement",
            "label": {
              "type": "Identifier",
              "name": "label2",
              "typeAnnotation": null,
              "loc": null,
              "range": {
                "start": 174,
                "end": 180
              }
            },
            "body": {
              "type": "SwitchStatement",
              "discriminant": {
                "type": "MemberExpression",
                "object": {
                  "type": "Identifier",
                  "name": "props",
                  "typeAnnotation": null,
                  "loc": null,
                  "range": {
                    "start": 190,
                    "end": 195
                  }
                },
                "property": {
                  "type": "Identifier",
                  "name": "c",
                  "typeAnnotation": null,
                  "loc": null,
                  "range": {
                    "start": 196,
                    "end": 197
                  }
                },
                "computed": false,
                "loc": null,
                "range": {
                  "start": 190,
                  "end": 197
                }
              },
              "cases": [
                {
                  "type": "SwitchCase",
                  "test": {
                    "type": "StringLiteral",
                    "value": "a",
                    "loc": null,
                    "range": {
                      "start": 210,
                      "end": 213
                    }
                  },
                  "consequent": [
                    {
                      "type": "BlockStatement",
                      "body": [
                        {
                          "type": "ExpressionStatement",
                          "expression": {
                            "type": "AssignmentExpression",
                            "operator": "=",
                            "left": {
                              "type": "Identifier",
                              "name": "x",
                              "typeAnnotation": null,
                              "loc": null,
                              "range": {
                                "start": 223,
                                "end": 224
                              }
                            },
                            "right": {
                              "type": "NumericLiteral",
                              "value": 4.0,
                              "loc": null,
                              "range": {
                                "start": 227,
                                "end": 228
                              }
                            },
                            "loc": null,
                            "range": {
                              "start": 223,
                              "end": 228
                            }
                          },
                          "directive": null,
                          "loc": null,
                          "range": {
                            "start": 223,
                            "end": 229
                          }
                        },
                        {
                          "type": "BreakStatement",
                          "label": null,
                          "loc": null,
                          "range": {
                            "start": 236,
                            "end": 242
                          }
                        }
                      ],
                      "loc": null,
                      "range": {
                        "start": 215,
                        "end": 248
                      }
                    }
                  ],
                  "loc": null,
                  "range": {
                    "start": 205,
                    "end": 248
                  }
                },
                {
                  "type": "SwitchCase",
                  "test": {
                    "type": "StringLiteral",
                    "value": "b",
                    "loc": null,
                    "range": {
                      "start": 258,
                      "end": 261
                    }
                  },
                  "consequent": [
                    {
                      "type": "BlockStatement",
                      "body": [
                        {
                          "type": "BreakStatement",
                          "label": {
                            "type": "Identifier",
                            "name": "label2",
                            "typeAnnotation": null,
                            "loc": null,
                            "range": {
                              "start": 277,
                              "end": 283
                            }
                          },
                          "loc": null,
                          "range": {
                            "start": 271,
                            "end": 284
                          }
                        }
                      ],
                      "loc": null,
                      "range": {
                        "start": 263,
                        "end": 290
                      }
                    }
                  ],
                  "loc": null,
                  "range": {
                    "start": 253,
                    "end": 290
                  }
                },
                {
                  "type": "SwitchCase",
                  "test": {
                    "type": "StringLiteral",
                    "value": "c",
                    "loc": null,
                    "range": {
                      "start": 300,
                      "end": 303
                    }
                  },
                  "consequent": [
                    {
                      "type": "BlockStatement",
                      "body": [
                        {
                          "type": "ExpressionStatement",
                          "expression": {
                            "type": "AssignmentExpression",
                            "operator": "=",
                            "left": {
                              "type": "Identifier",
                              "name": "x",
                              "typeAnnotation": null,
                              "loc": null,
                              "range": {
                                "start": 313,
                                "end": 314
                              }
                            },
                            "right": {
                              "type": "NumericLiteral",
                              "value": 5.0,
                              "loc": null,
                              "range": {
                                "start": 317,
                                "end": 318
                              }
                            },
                            "loc": null,
                            "range": {
                              "start": 313,
                              "end": 318
                            }
                          },
                          "directive": null,
                          "loc": null,
                          "range": {
                            "start": 313,
                            "end": 319
                          }
                        }
                      ],
                      "loc": null,
                      "range": {
                        "start": 305,
                        "end": 358
                      }
                    }
                  ],
                  "loc": null,
                  "range": {
                    "start": 295,
                    "end": 358
                  }
                },
                {
                  "type": "SwitchCase",
                  "test": null,
                  "consequent": [
                    {
                      "type": "BlockStatement",
                      "body": [
                        {
                          "type": "ExpressionStatement",
                          "expression": {
                            "type": "AssignmentExpression",
                            "operator": "=",
                            "left": {
                              "type": "Identifier",
                              "name": "x",
                              "typeAnnotation": null,
                              "loc": null,
                              "range": {
                                "start": 380,
                                "end": 381
                              }
                            },
                            "right": {
                              "type": "NumericLiteral",
                              "value": 6.0,
                              "loc": null,
                              "range": {
                                "start": 384,
                                "end": 385
                              }
                            },
                            "loc": null,
                            "range": {
                              "start": 380,
                              "end": 385
                            }
                          },
                          "directive": null,
                          "loc": null,
                          "range": {
                            "start": 380,
                            "end": 386
                          }
                        }
                      ],
                      "loc": null,
                      "range": {
                        "start": 372,
                        "end": 392
                      }
                    }
                  ],
                  "loc": null,
                  "range": {
                    "start": 363,
                    "end": 392
                  }
                }
              ],
              "loc": null,
              "range": {
                "start": 182,
                "end": 396
              }
            },
            "loc": null,
            "range": {
              "start": 174,
              "end": 396
            }
          },
          {
            "type": "IfStatement",
            "test": {
              "type": "MemberExpression",
              "object": {
                "type": "Identifier",
                "name": "props",
                "typeAnnotation": null,
                "loc": null,
                "range": {
                  "start": 403,
                  "end": 408
                }
              },
              "property": {
                "type": "Identifier",
                "name": "d",
                "typeAnnotation": null,
                "loc": null,
                "range": {
                  "start": 409,
                  "end": 410
                }
              },
              "computed": false,
              "loc": null,
              "range": {
                "start": 403,
                "end": 410
              }
            },
            "consequent": {
              "type": "BlockStatement",
              "body": [
                {
                  "type": "ReturnStatement",
                  "argument": {
                    "type": "NullLiteral",
                    "loc": null,
                    "range": {
                      "start": 425,
                      "end": 429
                    }
                  },
                  "loc": null,
                  "range": {
                    "start": 418,
                    "end": 430
                  }
                }
              ],
              "loc": null,
              "range": {
                "start": 412,
                "end": 434
              }
            },
            "alternate": null,
            "loc": null,
            "range": {
              "start": 399,
              "end": 434
            }
          },
          {
            "type": "ReturnStatement",
            "argument": {
              "type": "Identifier",
              "name": "x",
              "typeAnnotation": null,
              "loc": null,
              "range": {
                "start": 444,
                "end": 445
              }
            },
            "loc": null,
            "range": {
              "start": 437,
              "end": 446
            }
          }
        ],
        "loc": null,
        "range": {
          "start": 26,
          "end": 448
        }
      },
      "generator": false,
      "async": false,
      "loc": null,
      "range": {
        "start": 0,
        "end": 448
      },
      "loc": null,
      "range": {
        "start": 0,
        "end": 448
      }
    }
  ],
  "sourceType": "script",
  "loc": null,
  "range": {
    "start": 0,
    "end": 448
  }
}
