---
source: crates/forget_hermes_parser/tests/parser_test.rs
expression: "format!(\"Input:\\n{input}\\n\\nOutput:\\n{output}\")"
input_file: crates/forget_hermes_parser/tests/fixtures/jsx-member-expression.js
---
Input:
function Component(props) {
  return (
    <Sathya.Codes.Forget>
      <Foo.Bar.Baz />
    </Sathya.Codes.Forget>
  );
}


Output:
{
  "type": "Program",
  "body": [
    {
      "type": "FunctionDeclaration",
      "id": {
        "type": "Identifier",
        "name": "Component",
        "typeAnnotation": null,
        "loc": null,
        "range": {
          "start": 9,
          "end": 18
        }
      },
      "params": [
        {
          "type": "Identifier",
          "name": "props",
          "typeAnnotation": null,
          "loc": null,
          "range": {
            "start": 19,
            "end": 24
          }
        }
      ],
      "body": {
        "type": "BlockStatement",
        "body": [
          {
            "type": "ReturnStatement",
            "argument": {
              "type": "JSXElement",
              "openingElement": {
                "type": "JSXOpeningElement",
                "name": {
                  "type": "JSXMemberExpression",
                  "object": {
                    "type": "JSXMemberExpression",
                    "object": {
                      "type": "JSXIdentifier",
                      "name": "Sathya",
                      "loc": null,
                      "range": {
                        "start": 44,
                        "end": 50
                      }
                    },
                    "property": {
                      "type": "JSXIdentifier",
                      "name": "Codes",
                      "loc": null,
                      "range": {
                        "start": 51,
                        "end": 56
                      }
                    },
                    "loc": null,
                    "range": {
                      "start": 44,
                      "end": 56
                    }
                  },
                  "property": {
                    "type": "JSXIdentifier",
                    "name": "Forget",
                    "loc": null,
                    "range": {
                      "start": 57,
                      "end": 63
                    }
                  },
                  "loc": null,
                  "range": {
                    "start": 44,
                    "end": 63
                  }
                },
                "attributes": [],
                "selfClosing": false,
                "loc": null,
                "range": {
                  "start": 43,
                  "end": 64
                }
              },
              "children": [
                {
                  "type": "JSXText",
                  "value": "\n      ",
                  "raw": "\n      ",
                  "loc": null,
                  "range": {
                    "start": 64,
                    "end": 71
                  }
                },
                {
                  "type": "JSXElement",
                  "openingElement": {
                    "type": "JSXOpeningElement",
                    "name": {
                      "type": "JSXMemberExpression",
                      "object": {
                        "type": "JSXMemberExpression",
                        "object": {
                          "type": "JSXIdentifier",
                          "name": "Foo",
                          "loc": null,
                          "range": {
                            "start": 72,
                            "end": 75
                          }
                        },
                        "property": {
                          "type": "JSXIdentifier",
                          "name": "Bar",
                          "loc": null,
                          "range": {
                            "start": 76,
                            "end": 79
                          }
                        },
                        "loc": null,
                        "range": {
                          "start": 72,
                          "end": 79
                        }
                      },
                      "property": {
                        "type": "JSXIdentifier",
                        "name": "Baz",
                        "loc": null,
                        "range": {
                          "start": 80,
                          "end": 83
                        }
                      },
                      "loc": null,
                      "range": {
                        "start": 72,
                        "end": 83
                      }
                    },
                    "attributes": [],
                    "selfClosing": true,
                    "loc": null,
                    "range": {
                      "start": 71,
                      "end": 86
                    }
                  },
                  "children": [],
                  "closingElement": null,
                  "loc": null,
                  "range": {
                    "start": 71,
                    "end": 86
                  }
                },
                {
                  "type": "JSXText",
                  "value": "\n    ",
                  "raw": "\n    ",
                  "loc": null,
                  "range": {
                    "start": 86,
                    "end": 91
                  }
                }
              ],
              "closingElement": {
                "type": "JSXClosingElement",
                "name": {
                  "type": "JSXMemberExpression",
                  "object": {
                    "type": "JSXMemberExpression",
                    "object": {
                      "type": "JSXIdentifier",
                      "name": "Sathya",
                      "loc": null,
                      "range": {
                        "start": 93,
                        "end": 99
                      }
                    },
                    "property": {
                      "type": "JSXIdentifier",
                      "name": "Codes",
                      "loc": null,
                      "range": {
                        "start": 100,
                        "end": 105
                      }
                    },
                    "loc": null,
                    "range": {
                      "start": 93,
                      "end": 105
                    }
                  },
                  "property": {
                    "type": "JSXIdentifier",
                    "name": "Forget",
                    "loc": null,
                    "range": {
                      "start": 106,
                      "end": 112
                    }
                  },
                  "loc": null,
                  "range": {
                    "start": 93,
                    "end": 112
                  }
                },
                "loc": null,
                "range": {
                  "start": 91,
                  "end": 113
                }
              },
              "loc": null,
              "range": {
                "start": 43,
                "end": 113
              }
            },
            "loc": null,
            "range": {
              "start": 30,
              "end": 118
            }
          }
        ],
        "loc": null,
        "range": {
          "start": 26,
          "end": 120
        }
      },
      "generator": false,
      "async": false,
      "loc": null,
      "range": {
        "start": 0,
        "end": 120
      },
      "loc": null,
      "range": {
        "start": 0,
        "end": 120
      }
    }
  ],
  "sourceType": "script",
  "loc": null,
  "range": {
    "start": 0,
    "end": 120
  }
}
