---
source: crates/forget_hermes_parser/tests/parser_test.rs
expression: "format!(\"Input:\\n{input}\\n\\nOutput:\\n{output}\")"
input_file: crates/forget_hermes_parser/tests/fixtures/return-undefined.js
---
Input:
function Component(props) {
  if (props.cond) {
    return undefined;
  }
  return props.value;
}


Output:
{
  "type": "Program",
  "body": [
    {
      "type": "FunctionDeclaration",
      "id": {
        "type": "Identifier",
        "name": "Component",
        "typeAnnotation": null,
        "loc": null,
        "range": {
          "start": 9,
          "end": 18
        }
      },
      "params": [
        {
          "type": "Identifier",
          "name": "props",
          "typeAnnotation": null,
          "loc": null,
          "range": {
            "start": 19,
            "end": 24
          }
        }
      ],
      "body": {
        "type": "BlockStatement",
        "body": [
          {
            "type": "IfStatement",
            "test": {
              "type": "MemberExpression",
              "object": {
                "type": "Identifier",
                "name": "props",
                "typeAnnotation": null,
                "loc": null,
                "range": {
                  "start": 34,
                  "end": 39
                }
              },
              "property": {
                "type": "Identifier",
                "name": "cond",
                "typeAnnotation": null,
                "loc": null,
                "range": {
                  "start": 40,
                  "end": 44
                }
              },
              "computed": false,
              "loc": null,
              "range": {
                "start": 34,
                "end": 44
              }
            },
            "consequent": {
              "type": "BlockStatement",
              "body": [
                {
                  "type": "ReturnStatement",
                  "argument": {
                    "type": "Identifier",
                    "name": "undefined",
                    "typeAnnotation": null,
                    "loc": null,
                    "range": {
                      "start": 59,
                      "end": 68
                    }
                  },
                  "loc": null,
                  "range": {
                    "start": 52,
                    "end": 69
                  }
                }
              ],
              "loc": null,
              "range": {
                "start": 46,
                "end": 73
              }
            },
            "alternate": null,
            "loc": null,
            "range": {
              "start": 30,
              "end": 73
            }
          },
          {
            "type": "ReturnStatement",
            "argument": {
              "type": "MemberExpression",
              "object": {
                "type": "Identifier",
                "name": "props",
                "typeAnnotation": null,
                "loc": null,
                "range": {
                  "start": 83,
                  "end": 88
                }
              },
              "property": {
                "type": "Identifier",
                "name": "value",
                "typeAnnotation": null,
                "loc": null,
                "range": {
                  "start": 89,
                  "end": 94
                }
              },
              "computed": false,
              "loc": null,
              "range": {
                "start": 83,
                "end": 94
              }
            },
            "loc": null,
            "range": {
              "start": 76,
              "end": 95
            }
          }
        ],
        "loc": null,
        "range": {
          "start": 26,
          "end": 97
        }
      },
      "generator": false,
      "async": false,
      "loc": null,
      "range": {
        "start": 0,
        "end": 97
      },
      "loc": null,
      "range": {
        "start": 0,
        "end": 97
      }
    }
  ],
  "sourceType": "script",
  "loc": null,
  "range": {
    "start": 0,
    "end": 97
  }
}
