---
source: crates/forget_hermes_parser/tests/parser_test.rs
expression: "format!(\"Input:\\n{input}\\n\\nOutput:\\n{output}\")"
input_file: crates/forget_hermes_parser/tests/fixtures/function-declaration-simple.js
---
Input:
function component(a) {
  let t = { a };
  function x(p) {
    p.foo();
  }
  x(t);
  return t;
}


Output:
{
  "type": "Program",
  "body": [
    {
      "type": "FunctionDeclaration",
      "id": {
        "type": "Identifier",
        "name": "component",
        "typeAnnotation": null,
        "loc": null,
        "range": {
          "start": 9,
          "end": 18
        }
      },
      "params": [
        {
          "type": "Identifier",
          "name": "a",
          "typeAnnotation": null,
          "loc": null,
          "range": {
            "start": 19,
            "end": 20
          }
        }
      ],
      "body": {
        "type": "BlockStatement",
        "body": [
          {
            "type": "VariableDeclaration",
            "kind": "let",
            "declarations": [
              {
                "type": "VariableDeclarator",
                "id": {
                  "type": "Identifier",
                  "name": "t",
                  "typeAnnotation": null,
                  "loc": null,
                  "range": {
                    "start": 30,
                    "end": 31
                  }
                },
                "init": {
                  "type": "ObjectExpression",
                  "properties": [
                    {
                      "type": "Property",
                      "key": {
                        "type": "Identifier",
                        "name": "a",
                        "typeAnnotation": null,
                        "loc": null,
                        "range": {
                          "start": 36,
                          "end": 37
                        }
                      },
                      "value": {
                        "type": "Identifier",
                        "name": "a",
                        "typeAnnotation": null,
                        "loc": null,
                        "range": {
                          "start": 36,
                          "end": 37
                        }
                      },
                      "kind": "init",
                      "method": false,
                      "shorthand": true,
                      "computed": false,
                      "loc": null,
                      "range": {
                        "start": 36,
                        "end": 37
                      }
                    }
                  ],
                  "loc": null,
                  "range": {
                    "start": 34,
                    "end": 39
                  }
                },
                "loc": null,
                "range": {
                  "start": 30,
                  "end": 39
                }
              }
            ],
            "loc": null,
            "range": {
              "start": 26,
              "end": 40
            }
          },
          {
            "type": "FunctionDeclaration",
            "id": {
              "type": "Identifier",
              "name": "x",
              "typeAnnotation": null,
              "loc": null,
              "range": {
                "start": 52,
                "end": 53
              }
            },
            "params": [
              {
                "type": "Identifier",
                "name": "p",
                "typeAnnotation": null,
                "loc": null,
                "range": {
                  "start": 54,
                  "end": 55
                }
              }
            ],
            "body": {
              "type": "BlockStatement",
              "body": [
                {
                  "type": "ExpressionStatement",
                  "expression": {
                    "type": "CallExpression",
                    "callee": {
                      "type": "MemberExpression",
                      "object": {
                        "type": "Identifier",
                        "name": "p",
                        "typeAnnotation": null,
                        "loc": null,
                        "range": {
                          "start": 63,
                          "end": 64
                        }
                      },
                      "property": {
                        "type": "Identifier",
                        "name": "foo",
                        "typeAnnotation": null,
                        "loc": null,
                        "range": {
                          "start": 65,
                          "end": 68
                        }
                      },
                      "computed": false,
                      "loc": null,
                      "range": {
                        "start": 63,
                        "end": 68
                      }
                    },
                    "arguments": [],
                    "loc": null,
                    "range": {
                      "start": 63,
                      "end": 70
                    }
                  },
                  "directive": null,
                  "loc": null,
                  "range": {
                    "start": 63,
                    "end": 71
                  }
                }
              ],
              "loc": null,
              "range": {
                "start": 57,
                "end": 75
              }
            },
            "generator": false,
            "async": false,
            "loc": null,
            "range": {
              "start": 43,
              "end": 75
            },
            "loc": null,
            "range": {
              "start": 43,
              "end": 75
            }
          },
          {
            "type": "ExpressionStatement",
            "expression": {
              "type": "CallExpression",
              "callee": {
                "type": "Identifier",
                "name": "x",
                "typeAnnotation": null,
                "loc": null,
                "range": {
                  "start": 78,
                  "end": 79
                }
              },
              "arguments": [
                {
                  "type": "Identifier",
                  "name": "t",
                  "typeAnnotation": null,
                  "loc": null,
                  "range": {
                    "start": 80,
                    "end": 81
                  }
                }
              ],
              "loc": null,
              "range": {
                "start": 78,
                "end": 82
              }
            },
            "directive": null,
            "loc": null,
            "range": {
              "start": 78,
              "end": 83
            }
          },
          {
            "type": "ReturnStatement",
            "argument": {
              "type": "Identifier",
              "name": "t",
              "typeAnnotation": null,
              "loc": null,
              "range": {
                "start": 93,
                "end": 94
              }
            },
            "loc": null,
            "range": {
              "start": 86,
              "end": 95
            }
          }
        ],
        "loc": null,
        "range": {
          "start": 22,
          "end": 97
        }
      },
      "generator": false,
      "async": false,
      "loc": null,
      "range": {
        "start": 0,
        "end": 97
      },
      "loc": null,
      "range": {
        "start": 0,
        "end": 97
      }
    }
  ],
  "sourceType": "script",
  "loc": null,
  "range": {
    "start": 0,
    "end": 97
  }
}
