---
source: crates/forget_hermes_parser/tests/parser_test.rs
expression: "format!(\"Input:\\n{input}\\n\\nOutput:\\n{output}\")"
input_file: crates/forget_hermes_parser/tests/fixtures/escape-analysis-not-switch-case.js
---
Input:
function Component(props) {
  const a = [props.a];
  let x = props.b;
  switch (props.c) {
    case a: {
      x = props.d;
    }
  }
  return x;
}


Output:
{
  "type": "Program",
  "body": [
    {
      "type": "FunctionDeclaration",
      "id": {
        "type": "Identifier",
        "name": "Component",
        "typeAnnotation": null,
        "loc": null,
        "range": {
          "start": 9,
          "end": 18
        }
      },
      "params": [
        {
          "type": "Identifier",
          "name": "props",
          "typeAnnotation": null,
          "loc": null,
          "range": {
            "start": 19,
            "end": 24
          }
        }
      ],
      "body": {
        "type": "BlockStatement",
        "body": [
          {
            "type": "VariableDeclaration",
            "kind": "const",
            "declarations": [
              {
                "type": "VariableDeclarator",
                "id": {
                  "type": "Identifier",
                  "name": "a",
                  "typeAnnotation": null,
                  "loc": null,
                  "range": {
                    "start": 36,
                    "end": 37
                  }
                },
                "init": {
                  "type": "ArrayExpression",
                  "elements": [
                    {
                      "type": "MemberExpression",
                      "object": {
                        "type": "Identifier",
                        "name": "props",
                        "typeAnnotation": null,
                        "loc": null,
                        "range": {
                          "start": 41,
                          "end": 46
                        }
                      },
                      "property": {
                        "type": "Identifier",
                        "name": "a",
                        "typeAnnotation": null,
                        "loc": null,
                        "range": {
                          "start": 47,
                          "end": 48
                        }
                      },
                      "computed": false,
                      "loc": null,
                      "range": {
                        "start": 41,
                        "end": 48
                      }
                    }
                  ],
                  "loc": null,
                  "range": {
                    "start": 40,
                    "end": 49
                  }
                },
                "loc": null,
                "range": {
                  "start": 36,
                  "end": 49
                }
              }
            ],
            "loc": null,
            "range": {
              "start": 30,
              "end": 50
            }
          },
          {
            "type": "VariableDeclaration",
            "kind": "let",
            "declarations": [
              {
                "type": "VariableDeclarator",
                "id": {
                  "type": "Identifier",
                  "name": "x",
                  "typeAnnotation": null,
                  "loc": null,
                  "range": {
                    "start": 57,
                    "end": 58
                  }
                },
                "init": {
                  "type": "MemberExpression",
                  "object": {
                    "type": "Identifier",
                    "name": "props",
                    "typeAnnotation": null,
                    "loc": null,
                    "range": {
                      "start": 61,
                      "end": 66
                    }
                  },
                  "property": {
                    "type": "Identifier",
                    "name": "b",
                    "typeAnnotation": null,
                    "loc": null,
                    "range": {
                      "start": 67,
                      "end": 68
                    }
                  },
                  "computed": false,
                  "loc": null,
                  "range": {
                    "start": 61,
                    "end": 68
                  }
                },
                "loc": null,
                "range": {
                  "start": 57,
                  "end": 68
                }
              }
            ],
            "loc": null,
            "range": {
              "start": 53,
              "end": 69
            }
          },
          {
            "type": "SwitchStatement",
            "discriminant": {
              "type": "MemberExpression",
              "object": {
                "type": "Identifier",
                "name": "props",
                "typeAnnotation": null,
                "loc": null,
                "range": {
                  "start": 80,
                  "end": 85
                }
              },
              "property": {
                "type": "Identifier",
                "name": "c",
                "typeAnnotation": null,
                "loc": null,
                "range": {
                  "start": 86,
                  "end": 87
                }
              },
              "computed": false,
              "loc": null,
              "range": {
                "start": 80,
                "end": 87
              }
            },
            "cases": [
              {
                "type": "SwitchCase",
                "test": {
                  "type": "Identifier",
                  "name": "a",
                  "typeAnnotation": null,
                  "loc": null,
                  "range": {
                    "start": 100,
                    "end": 101
                  }
                },
                "consequent": [
                  {
                    "type": "BlockStatement",
                    "body": [
                      {
                        "type": "ExpressionStatement",
                        "expression": {
                          "type": "AssignmentExpression",
                          "operator": "=",
                          "left": {
                            "type": "Identifier",
                            "name": "x",
                            "typeAnnotation": null,
                            "loc": null,
                            "range": {
                              "start": 111,
                              "end": 112
                            }
                          },
                          "right": {
                            "type": "MemberExpression",
                            "object": {
                              "type": "Identifier",
                              "name": "props",
                              "typeAnnotation": null,
                              "loc": null,
                              "range": {
                                "start": 115,
                                "end": 120
                              }
                            },
                            "property": {
                              "type": "Identifier",
                              "name": "d",
                              "typeAnnotation": null,
                              "loc": null,
                              "range": {
                                "start": 121,
                                "end": 122
                              }
                            },
                            "computed": false,
                            "loc": null,
                            "range": {
                              "start": 115,
                              "end": 122
                            }
                          },
                          "loc": null,
                          "range": {
                            "start": 111,
                            "end": 122
                          }
                        },
                        "directive": null,
                        "loc": null,
                        "range": {
                          "start": 111,
                          "end": 123
                        }
                      }
                    ],
                    "loc": null,
                    "range": {
                      "start": 103,
                      "end": 129
                    }
                  }
                ],
                "loc": null,
                "range": {
                  "start": 95,
                  "end": 129
                }
              }
            ],
            "loc": null,
            "range": {
              "start": 72,
              "end": 133
            }
          },
          {
            "type": "ReturnStatement",
            "argument": {
              "type": "Identifier",
              "name": "x",
              "typeAnnotation": null,
              "loc": null,
              "range": {
                "start": 143,
                "end": 144
              }
            },
            "loc": null,
            "range": {
              "start": 136,
              "end": 145
            }
          }
        ],
        "loc": null,
        "range": {
          "start": 26,
          "end": 147
        }
      },
      "generator": false,
      "async": false,
      "loc": null,
      "range": {
        "start": 0,
        "end": 147
      },
      "loc": null,
      "range": {
        "start": 0,
        "end": 147
      }
    }
  ],
  "sourceType": "script",
  "loc": null,
  "range": {
    "start": 0,
    "end": 147
  }
}
