---
source: crates/forget_hermes_parser/tests/parser_test.rs
expression: "format!(\"Input:\\n{input}\\n\\nOutput:\\n{output}\")"
input_file: crates/forget_hermes_parser/tests/fixtures/array-pattern-params.js
---
Input:
function component([a, b]) {
  let y = { a };
  let z = { b };
  return [y, z];
}


Output:
{
  "type": "Program",
  "body": [
    {
      "type": "FunctionDeclaration",
      "id": {
        "type": "Identifier",
        "name": "component",
        "typeAnnotation": null,
        "loc": null,
        "range": {
          "start": 9,
          "end": 18
        }
      },
      "params": [
        {
          "type": "ArrayPattern",
          "elements": [
            {
              "type": "Identifier",
              "name": "a",
              "typeAnnotation": null,
              "loc": null,
              "range": {
                "start": 20,
                "end": 21
              }
            },
            {
              "type": "Identifier",
              "name": "b",
              "typeAnnotation": null,
              "loc": null,
              "range": {
                "start": 23,
                "end": 24
              }
            }
          ],
          "loc": null,
          "range": {
            "start": 19,
            "end": 25
          }
        }
      ],
      "body": {
        "type": "BlockStatement",
        "body": [
          {
            "type": "VariableDeclaration",
            "kind": "let",
            "declarations": [
              {
                "type": "VariableDeclarator",
                "id": {
                  "type": "Identifier",
                  "name": "y",
                  "typeAnnotation": null,
                  "loc": null,
                  "range": {
                    "start": 35,
                    "end": 36
                  }
                },
                "init": {
                  "type": "ObjectExpression",
                  "properties": [
                    {
                      "type": "Property",
                      "key": {
                        "type": "Identifier",
                        "name": "a",
                        "typeAnnotation": null,
                        "loc": null,
                        "range": {
                          "start": 41,
                          "end": 42
                        }
                      },
                      "value": {
                        "type": "Identifier",
                        "name": "a",
                        "typeAnnotation": null,
                        "loc": null,
                        "range": {
                          "start": 41,
                          "end": 42
                        }
                      },
                      "kind": "init",
                      "method": false,
                      "shorthand": true,
                      "computed": false,
                      "loc": null,
                      "range": {
                        "start": 41,
                        "end": 42
                      }
                    }
                  ],
                  "loc": null,
                  "range": {
                    "start": 39,
                    "end": 44
                  }
                },
                "loc": null,
                "range": {
                  "start": 35,
                  "end": 44
                }
              }
            ],
            "loc": null,
            "range": {
              "start": 31,
              "end": 45
            }
          },
          {
            "type": "VariableDeclaration",
            "kind": "let",
            "declarations": [
              {
                "type": "VariableDeclarator",
                "id": {
                  "type": "Identifier",
                  "name": "z",
                  "typeAnnotation": null,
                  "loc": null,
                  "range": {
                    "start": 52,
                    "end": 53
                  }
                },
                "init": {
                  "type": "ObjectExpression",
                  "properties": [
                    {
                      "type": "Property",
                      "key": {
                        "type": "Identifier",
                        "name": "b",
                        "typeAnnotation": null,
                        "loc": null,
                        "range": {
                          "start": 58,
                          "end": 59
                        }
                      },
                      "value": {
                        "type": "Identifier",
                        "name": "b",
                        "typeAnnotation": null,
                        "loc": null,
                        "range": {
                          "start": 58,
                          "end": 59
                        }
                      },
                      "kind": "init",
                      "method": false,
                      "shorthand": true,
                      "computed": false,
                      "loc": null,
                      "range": {
                        "start": 58,
                        "end": 59
                      }
                    }
                  ],
                  "loc": null,
                  "range": {
                    "start": 56,
                    "end": 61
                  }
                },
                "loc": null,
                "range": {
                  "start": 52,
                  "end": 61
                }
              }
            ],
            "loc": null,
            "range": {
              "start": 48,
              "end": 62
            }
          },
          {
            "type": "ReturnStatement",
            "argument": {
              "type": "ArrayExpression",
              "elements": [
                {
                  "type": "Identifier",
                  "name": "y",
                  "typeAnnotation": null,
                  "loc": null,
                  "range": {
                    "start": 73,
                    "end": 74
                  }
                },
                {
                  "type": "Identifier",
                  "name": "z",
                  "typeAnnotation": null,
                  "loc": null,
                  "range": {
                    "start": 76,
                    "end": 77
                  }
                }
              ],
              "loc": null,
              "range": {
                "start": 72,
                "end": 78
              }
            },
            "loc": null,
            "range": {
              "start": 65,
              "end": 79
            }
          }
        ],
        "loc": null,
        "range": {
          "start": 27,
          "end": 81
        }
      },
      "generator": false,
      "async": false,
      "loc": null,
      "range": {
        "start": 0,
        "end": 81
      },
      "loc": null,
      "range": {
        "start": 0,
        "end": 81
      }
    }
  ],
  "sourceType": "script",
  "loc": null,
  "range": {
    "start": 0,
    "end": 81
  }
}
