---
source: crates/forget_hermes_parser/tests/parser_test.rs
expression: "format!(\"Input:\\n{input}\\n\\nOutput:\\n{output}\")"
input_file: crates/forget_hermes_parser/tests/fixtures/conditional-break-labeled.js
---
Input:
/**
 * props.b *does* influence `a`
 */
function Component(props) {
  const a = [];
  a.push(props.a);
  label: {
    if (props.b) {
      break label;
    }
    a.push(props.c);
  }
  a.push(props.d);
  return a;
}


Output:
{
  "type": "Program",
  "body": [
    {
      "type": "FunctionDeclaration",
      "id": {
        "type": "Identifier",
        "name": "Component",
        "typeAnnotation": null,
        "loc": null,
        "range": {
          "start": 49,
          "end": 58
        }
      },
      "params": [
        {
          "type": "Identifier",
          "name": "props",
          "typeAnnotation": null,
          "loc": null,
          "range": {
            "start": 59,
            "end": 64
          }
        }
      ],
      "body": {
        "type": "BlockStatement",
        "body": [
          {
            "type": "VariableDeclaration",
            "kind": "const",
            "declarations": [
              {
                "type": "VariableDeclarator",
                "id": {
                  "type": "Identifier",
                  "name": "a",
                  "typeAnnotation": null,
                  "loc": null,
                  "range": {
                    "start": 76,
                    "end": 77
                  }
                },
                "init": {
                  "type": "ArrayExpression",
                  "elements": [],
                  "loc": null,
                  "range": {
                    "start": 80,
                    "end": 82
                  }
                },
                "loc": null,
                "range": {
                  "start": 76,
                  "end": 82
                }
              }
            ],
            "loc": null,
            "range": {
              "start": 70,
              "end": 83
            }
          },
          {
            "type": "ExpressionStatement",
            "expression": {
              "type": "CallExpression",
              "callee": {
                "type": "MemberExpression",
                "object": {
                  "type": "Identifier",
                  "name": "a",
                  "typeAnnotation": null,
                  "loc": null,
                  "range": {
                    "start": 86,
                    "end": 87
                  }
                },
                "property": {
                  "type": "Identifier",
                  "name": "push",
                  "typeAnnotation": null,
                  "loc": null,
                  "range": {
                    "start": 88,
                    "end": 92
                  }
                },
                "computed": false,
                "loc": null,
                "range": {
                  "start": 86,
                  "end": 92
                }
              },
              "arguments": [
                {
                  "type": "MemberExpression",
                  "object": {
                    "type": "Identifier",
                    "name": "props",
                    "typeAnnotation": null,
                    "loc": null,
                    "range": {
                      "start": 93,
                      "end": 98
                    }
                  },
                  "property": {
                    "type": "Identifier",
                    "name": "a",
                    "typeAnnotation": null,
                    "loc": null,
                    "range": {
                      "start": 99,
                      "end": 100
                    }
                  },
                  "computed": false,
                  "loc": null,
                  "range": {
                    "start": 93,
                    "end": 100
                  }
                }
              ],
              "loc": null,
              "range": {
                "start": 86,
                "end": 101
              }
            },
            "directive": null,
            "loc": null,
            "range": {
              "start": 86,
              "end": 102
            }
          },
          {
            "type": "LabeledStatement",
            "label": {
              "type": "Identifier",
              "name": "label",
              "typeAnnotation": null,
              "loc": null,
              "range": {
                "start": 105,
                "end": 110
              }
            },
            "body": {
              "type": "BlockStatement",
              "body": [
                {
                  "type": "IfStatement",
                  "test": {
                    "type": "MemberExpression",
                    "object": {
                      "type": "Identifier",
                      "name": "props",
                      "typeAnnotation": null,
                      "loc": null,
                      "range": {
                        "start": 122,
                        "end": 127
                      }
                    },
                    "property": {
                      "type": "Identifier",
                      "name": "b",
                      "typeAnnotation": null,
                      "loc": null,
                      "range": {
                        "start": 128,
                        "end": 129
                      }
                    },
                    "computed": false,
                    "loc": null,
                    "range": {
                      "start": 122,
                      "end": 129
                    }
                  },
                  "consequent": {
                    "type": "BlockStatement",
                    "body": [
                      {
                        "type": "BreakStatement",
                        "label": {
                          "type": "Identifier",
                          "name": "label",
                          "typeAnnotation": null,
                          "loc": null,
                          "range": {
                            "start": 145,
                            "end": 150
                          }
                        },
                        "loc": null,
                        "range": {
                          "start": 139,
                          "end": 151
                        }
                      }
                    ],
                    "loc": null,
                    "range": {
                      "start": 131,
                      "end": 157
                    }
                  },
                  "alternate": null,
                  "loc": null,
                  "range": {
                    "start": 118,
                    "end": 157
                  }
                },
                {
                  "type": "ExpressionStatement",
                  "expression": {
                    "type": "CallExpression",
                    "callee": {
                      "type": "MemberExpression",
                      "object": {
                        "type": "Identifier",
                        "name": "a",
                        "typeAnnotation": null,
                        "loc": null,
                        "range": {
                          "start": 162,
                          "end": 163
                        }
                      },
                      "property": {
                        "type": "Identifier",
                        "name": "push",
                        "typeAnnotation": null,
                        "loc": null,
                        "range": {
                          "start": 164,
                          "end": 168
                        }
                      },
                      "computed": false,
                      "loc": null,
                      "range": {
                        "start": 162,
                        "end": 168
                      }
                    },
                    "arguments": [
                      {
                        "type": "MemberExpression",
                        "object": {
                          "type": "Identifier",
                          "name": "props",
                          "typeAnnotation": null,
                          "loc": null,
                          "range": {
                            "start": 169,
                            "end": 174
                          }
                        },
                        "property": {
                          "type": "Identifier",
                          "name": "c",
                          "typeAnnotation": null,
                          "loc": null,
                          "range": {
                            "start": 175,
                            "end": 176
                          }
                        },
                        "computed": false,
                        "loc": null,
                        "range": {
                          "start": 169,
                          "end": 176
                        }
                      }
                    ],
                    "loc": null,
                    "range": {
                      "start": 162,
                      "end": 177
                    }
                  },
                  "directive": null,
                  "loc": null,
                  "range": {
                    "start": 162,
                    "end": 178
                  }
                }
              ],
              "loc": null,
              "range": {
                "start": 112,
                "end": 182
              }
            },
            "loc": null,
            "range": {
              "start": 105,
              "end": 182
            }
          },
          {
            "type": "ExpressionStatement",
            "expression": {
              "type": "CallExpression",
              "callee": {
                "type": "MemberExpression",
                "object": {
                  "type": "Identifier",
                  "name": "a",
                  "typeAnnotation": null,
                  "loc": null,
                  "range": {
                    "start": 185,
                    "end": 186
                  }
                },
                "property": {
                  "type": "Identifier",
                  "name": "push",
                  "typeAnnotation": null,
                  "loc": null,
                  "range": {
                    "start": 187,
                    "end": 191
                  }
                },
                "computed": false,
                "loc": null,
                "range": {
                  "start": 185,
                  "end": 191
                }
              },
              "arguments": [
                {
                  "type": "MemberExpression",
                  "object": {
                    "type": "Identifier",
                    "name": "props",
                    "typeAnnotation": null,
                    "loc": null,
                    "range": {
                      "start": 192,
                      "end": 197
                    }
                  },
                  "property": {
                    "type": "Identifier",
                    "name": "d",
                    "typeAnnotation": null,
                    "loc": null,
                    "range": {
                      "start": 198,
                      "end": 199
                    }
                  },
                  "computed": false,
                  "loc": null,
                  "range": {
                    "start": 192,
                    "end": 199
                  }
                }
              ],
              "loc": null,
              "range": {
                "start": 185,
                "end": 200
              }
            },
            "directive": null,
            "loc": null,
            "range": {
              "start": 185,
              "end": 201
            }
          },
          {
            "type": "ReturnStatement",
            "argument": {
              "type": "Identifier",
              "name": "a",
              "typeAnnotation": null,
              "loc": null,
              "range": {
                "start": 211,
                "end": 212
              }
            },
            "loc": null,
            "range": {
              "start": 204,
              "end": 213
            }
          }
        ],
        "loc": null,
        "range": {
          "start": 66,
          "end": 215
        }
      },
      "generator": false,
      "async": false,
      "loc": null,
      "range": {
        "start": 40,
        "end": 215
      },
      "loc": null,
      "range": {
        "start": 40,
        "end": 215
      }
    }
  ],
  "sourceType": "script",
  "loc": null,
  "range": {
    "start": 40,
    "end": 215
  }
}
