---
source: crates/forget_hermes_parser/tests/parser_test.rs
expression: "format!(\"Input:\\n{input}\\n\\nOutput:\\n{output}\")"
input_file: crates/forget_hermes_parser/tests/fixtures/reactive-scopes.js
---
Input:
function f(a, b) {
  let x = []; // <- x starts being mutable here.
  if (a.length === 1) {
    if (b) {
      x.push(b); // <- x stops being mutable here.
    }
  }

  return <div>{x}</div>;
}


Output:
{
  "type": "Program",
  "body": [
    {
      "type": "FunctionDeclaration",
      "id": {
        "type": "Identifier",
        "name": "f",
        "typeAnnotation": null,
        "loc": null,
        "range": {
          "start": 9,
          "end": 10
        }
      },
      "params": [
        {
          "type": "Identifier",
          "name": "a",
          "typeAnnotation": null,
          "loc": null,
          "range": {
            "start": 11,
            "end": 12
          }
        },
        {
          "type": "Identifier",
          "name": "b",
          "typeAnnotation": null,
          "loc": null,
          "range": {
            "start": 14,
            "end": 15
          }
        }
      ],
      "body": {
        "type": "BlockStatement",
        "body": [
          {
            "type": "VariableDeclaration",
            "kind": "let",
            "declarations": [
              {
                "type": "VariableDeclarator",
                "id": {
                  "type": "Identifier",
                  "name": "x",
                  "typeAnnotation": null,
                  "loc": null,
                  "range": {
                    "start": 25,
                    "end": 26
                  }
                },
                "init": {
                  "type": "ArrayExpression",
                  "elements": [],
                  "loc": null,
                  "range": {
                    "start": 29,
                    "end": 31
                  }
                },
                "loc": null,
                "range": {
                  "start": 25,
                  "end": 31
                }
              }
            ],
            "loc": null,
            "range": {
              "start": 21,
              "end": 32
            }
          },
          {
            "type": "IfStatement",
            "test": {
              "type": "BinaryExpression",
              "left": {
                "type": "MemberExpression",
                "object": {
                  "type": "Identifier",
                  "name": "a",
                  "typeAnnotation": null,
                  "loc": null,
                  "range": {
                    "start": 74,
                    "end": 75
                  }
                },
                "property": {
                  "type": "Identifier",
                  "name": "length",
                  "typeAnnotation": null,
                  "loc": null,
                  "range": {
                    "start": 76,
                    "end": 82
                  }
                },
                "computed": false,
                "loc": null,
                "range": {
                  "start": 74,
                  "end": 82
                }
              },
              "operator": "===",
              "right": {
                "type": "NumericLiteral",
                "value": 1.0,
                "loc": null,
                "range": {
                  "start": 87,
                  "end": 88
                }
              },
              "loc": null,
              "range": {
                "start": 74,
                "end": 88
              }
            },
            "consequent": {
              "type": "BlockStatement",
              "body": [
                {
                  "type": "IfStatement",
                  "test": {
                    "type": "Identifier",
                    "name": "b",
                    "typeAnnotation": null,
                    "loc": null,
                    "range": {
                      "start": 100,
                      "end": 101
                    }
                  },
                  "consequent": {
                    "type": "BlockStatement",
                    "body": [
                      {
                        "type": "ExpressionStatement",
                        "expression": {
                          "type": "CallExpression",
                          "callee": {
                            "type": "MemberExpression",
                            "object": {
                              "type": "Identifier",
                              "name": "x",
                              "typeAnnotation": null,
                              "loc": null,
                              "range": {
                                "start": 111,
                                "end": 112
                              }
                            },
                            "property": {
                              "type": "Identifier",
                              "name": "push",
                              "typeAnnotation": null,
                              "loc": null,
                              "range": {
                                "start": 113,
                                "end": 117
                              }
                            },
                            "computed": false,
                            "loc": null,
                            "range": {
                              "start": 111,
                              "end": 117
                            }
                          },
                          "arguments": [
                            {
                              "type": "Identifier",
                              "name": "b",
                              "typeAnnotation": null,
                              "loc": null,
                              "range": {
                                "start": 118,
                                "end": 119
                              }
                            }
                          ],
                          "loc": null,
                          "range": {
                            "start": 111,
                            "end": 120
                          }
                        },
                        "directive": null,
                        "loc": null,
                        "range": {
                          "start": 111,
                          "end": 121
                        }
                      }
                    ],
                    "loc": null,
                    "range": {
                      "start": 103,
                      "end": 161
                    }
                  },
                  "alternate": null,
                  "loc": null,
                  "range": {
                    "start": 96,
                    "end": 161
                  }
                }
              ],
              "loc": null,
              "range": {
                "start": 90,
                "end": 165
              }
            },
            "alternate": null,
            "loc": null,
            "range": {
              "start": 70,
              "end": 165
            }
          },
          {
            "type": "ReturnStatement",
            "argument": {
              "type": "JSXElement",
              "openingElement": {
                "type": "JSXOpeningElement",
                "name": {
                  "type": "JSXIdentifier",
                  "name": "div",
                  "loc": null,
                  "range": {
                    "start": 177,
                    "end": 180
                  }
                },
                "attributes": [],
                "selfClosing": false,
                "loc": null,
                "range": {
                  "start": 176,
                  "end": 181
                }
              },
              "children": [
                {
                  "type": "JSXExpressionContainer",
                  "expression": {
                    "type": "Identifier",
                    "name": "x",
                    "typeAnnotation": null,
                    "loc": null,
                    "range": {
                      "start": 182,
                      "end": 183
                    }
                  },
                  "loc": null,
                  "range": {
                    "start": 181,
                    "end": 184
                  }
                }
              ],
              "closingElement": {
                "type": "JSXClosingElement",
                "name": {
                  "type": "JSXIdentifier",
                  "name": "div",
                  "loc": null,
                  "range": {
                    "start": 186,
                    "end": 189
                  }
                },
                "loc": null,
                "range": {
                  "start": 184,
                  "end": 190
                }
              },
              "loc": null,
              "range": {
                "start": 176,
                "end": 190
              }
            },
            "loc": null,
            "range": {
              "start": 169,
              "end": 191
            }
          }
        ],
        "loc": null,
        "range": {
          "start": 17,
          "end": 193
        }
      },
      "generator": false,
      "async": false,
      "loc": null,
      "range": {
        "start": 0,
        "end": 193
      },
      "loc": null,
      "range": {
        "start": 0,
        "end": 193
      }
    }
  ],
  "sourceType": "script",
  "loc": null,
  "range": {
    "start": 0,
    "end": 193
  }
}
