---
source: crates/forget_hermes_parser/tests/parser_test.rs
expression: "format!(\"Input:\\n{input}\\n\\nOutput:\\n{output}\")"
input_file: crates/forget_hermes_parser/tests/fixtures/useEffect-arg-memoized.js
---
Input:
function Component(props) {
  const dispatch = useDispatch();
  useFreeze(dispatch);

  // onUpdate should be memoized even though it doesn't
  // flow into the return value
  const onUpdate = () => {
    dispatch({ kind: "update" });
  };

  useEffect(() => {
    onUpdate();
  }, [onUpdate]);

  return <div />;
}


Output:
{
  "type": "Program",
  "body": [
    {
      "type": "FunctionDeclaration",
      "id": {
        "type": "Identifier",
        "name": "Component",
        "typeAnnotation": null,
        "loc": null,
        "range": {
          "start": 9,
          "end": 18
        }
      },
      "params": [
        {
          "type": "Identifier",
          "name": "props",
          "typeAnnotation": null,
          "loc": null,
          "range": {
            "start": 19,
            "end": 24
          }
        }
      ],
      "body": {
        "type": "BlockStatement",
        "body": [
          {
            "type": "VariableDeclaration",
            "kind": "const",
            "declarations": [
              {
                "type": "VariableDeclarator",
                "id": {
                  "type": "Identifier",
                  "name": "dispatch",
                  "typeAnnotation": null,
                  "loc": null,
                  "range": {
                    "start": 36,
                    "end": 44
                  }
                },
                "init": {
                  "type": "CallExpression",
                  "callee": {
                    "type": "Identifier",
                    "name": "useDispatch",
                    "typeAnnotation": null,
                    "loc": null,
                    "range": {
                      "start": 47,
                      "end": 58
                    }
                  },
                  "arguments": [],
                  "loc": null,
                  "range": {
                    "start": 47,
                    "end": 60
                  }
                },
                "loc": null,
                "range": {
                  "start": 36,
                  "end": 60
                }
              }
            ],
            "loc": null,
            "range": {
              "start": 30,
              "end": 61
            }
          },
          {
            "type": "ExpressionStatement",
            "expression": {
              "type": "CallExpression",
              "callee": {
                "type": "Identifier",
                "name": "useFreeze",
                "typeAnnotation": null,
                "loc": null,
                "range": {
                  "start": 64,
                  "end": 73
                }
              },
              "arguments": [
                {
                  "type": "Identifier",
                  "name": "dispatch",
                  "typeAnnotation": null,
                  "loc": null,
                  "range": {
                    "start": 74,
                    "end": 82
                  }
                }
              ],
              "loc": null,
              "range": {
                "start": 64,
                "end": 83
              }
            },
            "directive": null,
            "loc": null,
            "range": {
              "start": 64,
              "end": 84
            }
          },
          {
            "type": "VariableDeclaration",
            "kind": "const",
            "declarations": [
              {
                "type": "VariableDeclarator",
                "id": {
                  "type": "Identifier",
                  "name": "onUpdate",
                  "typeAnnotation": null,
                  "loc": null,
                  "range": {
                    "start": 182,
                    "end": 190
                  }
                },
                "init": {
                  "type": "ArrowFunctionExpression",
                  "id": null,
                  "params": [],
                  "body": {
                    "type": "BlockStatement",
                    "body": [
                      {
                        "type": "ExpressionStatement",
                        "expression": {
                          "type": "CallExpression",
                          "callee": {
                            "type": "Identifier",
                            "name": "dispatch",
                            "typeAnnotation": null,
                            "loc": null,
                            "range": {
                              "start": 205,
                              "end": 213
                            }
                          },
                          "arguments": [
                            {
                              "type": "ObjectExpression",
                              "properties": [
                                {
                                  "type": "Property",
                                  "key": {
                                    "type": "Identifier",
                                    "name": "kind",
                                    "typeAnnotation": null,
                                    "loc": null,
                                    "range": {
                                      "start": 216,
                                      "end": 220
                                    }
                                  },
                                  "value": {
                                    "type": "StringLiteral",
                                    "value": "update",
                                    "loc": null,
                                    "range": {
                                      "start": 222,
                                      "end": 230
                                    }
                                  },
                                  "kind": "init",
                                  "method": false,
                                  "shorthand": false,
                                  "computed": false,
                                  "loc": null,
                                  "range": {
                                    "start": 216,
                                    "end": 230
                                  }
                                }
                              ],
                              "loc": null,
                              "range": {
                                "start": 214,
                                "end": 232
                              }
                            }
                          ],
                          "loc": null,
                          "range": {
                            "start": 205,
                            "end": 233
                          }
                        },
                        "directive": null,
                        "loc": null,
                        "range": {
                          "start": 205,
                          "end": 234
                        }
                      }
                    ],
                    "loc": null,
                    "range": {
                      "start": 199,
                      "end": 238
                    }
                  },
                  "generator": false,
                  "async": false,
                  "loc": null,
                  "range": {
                    "start": 193,
                    "end": 238
                  },
                  "expression": false,
                  "loc": null,
                  "range": {
                    "start": 193,
                    "end": 238
                  }
                },
                "loc": null,
                "range": {
                  "start": 182,
                  "end": 238
                }
              }
            ],
            "loc": null,
            "range": {
              "start": 176,
              "end": 239
            }
          },
          {
            "type": "ExpressionStatement",
            "expression": {
              "type": "CallExpression",
              "callee": {
                "type": "Identifier",
                "name": "useEffect",
                "typeAnnotation": null,
                "loc": null,
                "range": {
                  "start": 243,
                  "end": 252
                }
              },
              "arguments": [
                {
                  "type": "ArrowFunctionExpression",
                  "id": null,
                  "params": [],
                  "body": {
                    "type": "BlockStatement",
                    "body": [
                      {
                        "type": "ExpressionStatement",
                        "expression": {
                          "type": "CallExpression",
                          "callee": {
                            "type": "Identifier",
                            "name": "onUpdate",
                            "typeAnnotation": null,
                            "loc": null,
                            "range": {
                              "start": 265,
                              "end": 273
                            }
                          },
                          "arguments": [],
                          "loc": null,
                          "range": {
                            "start": 265,
                            "end": 275
                          }
                        },
                        "directive": null,
                        "loc": null,
                        "range": {
                          "start": 265,
                          "end": 276
                        }
                      }
                    ],
                    "loc": null,
                    "range": {
                      "start": 259,
                      "end": 280
                    }
                  },
                  "generator": false,
                  "async": false,
                  "loc": null,
                  "range": {
                    "start": 253,
                    "end": 280
                  },
                  "expression": false,
                  "loc": null,
                  "range": {
                    "start": 253,
                    "end": 280
                  }
                },
                {
                  "type": "ArrayExpression",
                  "elements": [
                    {
                      "type": "Identifier",
                      "name": "onUpdate",
                      "typeAnnotation": null,
                      "loc": null,
                      "range": {
                        "start": 283,
                        "end": 291
                      }
                    }
                  ],
                  "loc": null,
                  "range": {
                    "start": 282,
                    "end": 292
                  }
                }
              ],
              "loc": null,
              "range": {
                "start": 243,
                "end": 293
              }
            },
            "directive": null,
            "loc": null,
            "range": {
              "start": 243,
              "end": 294
            }
          },
          {
            "type": "ReturnStatement",
            "argument": {
              "type": "JSXElement",
              "openingElement": {
                "type": "JSXOpeningElement",
                "name": {
                  "type": "JSXIdentifier",
                  "name": "div",
                  "loc": null,
                  "range": {
                    "start": 306,
                    "end": 309
                  }
                },
                "attributes": [],
                "selfClosing": true,
                "loc": null,
                "range": {
                  "start": 305,
                  "end": 312
                }
              },
              "children": [],
              "closingElement": null,
              "loc": null,
              "range": {
                "start": 305,
                "end": 312
              }
            },
            "loc": null,
            "range": {
              "start": 298,
              "end": 313
            }
          }
        ],
        "loc": null,
        "range": {
          "start": 26,
          "end": 315
        }
      },
      "generator": false,
      "async": false,
      "loc": null,
      "range": {
        "start": 0,
        "end": 315
      },
      "loc": null,
      "range": {
        "start": 0,
        "end": 315
      }
    }
  ],
  "sourceType": "script",
  "loc": null,
  "range": {
    "start": 0,
    "end": 315
  }
}
