---
source: crates/forget_hermes_parser/tests/parser_test.rs
expression: "format!(\"Input:\\n{input}\\n\\nOutput:\\n{output}\")"
input_file: crates/forget_hermes_parser/tests/fixtures/constant-propagation-into-function-expressions.js
---
Input:
function Component(props) {
  const x = 42;
  const onEvent = () => {
    console.log(x);
  };
  return <Foo onEvent={onEvent} />;
}


Output:
{
  "type": "Program",
  "body": [
    {
      "type": "FunctionDeclaration",
      "id": {
        "type": "Identifier",
        "name": "Component",
        "typeAnnotation": null,
        "loc": null,
        "range": {
          "start": 9,
          "end": 18
        }
      },
      "params": [
        {
          "type": "Identifier",
          "name": "props",
          "typeAnnotation": null,
          "loc": null,
          "range": {
            "start": 19,
            "end": 24
          }
        }
      ],
      "body": {
        "type": "BlockStatement",
        "body": [
          {
            "type": "VariableDeclaration",
            "kind": "const",
            "declarations": [
              {
                "type": "VariableDeclarator",
                "id": {
                  "type": "Identifier",
                  "name": "x",
                  "typeAnnotation": null,
                  "loc": null,
                  "range": {
                    "start": 36,
                    "end": 37
                  }
                },
                "init": {
                  "type": "NumericLiteral",
                  "value": 42.0,
                  "loc": null,
                  "range": {
                    "start": 40,
                    "end": 42
                  }
                },
                "loc": null,
                "range": {
                  "start": 36,
                  "end": 42
                }
              }
            ],
            "loc": null,
            "range": {
              "start": 30,
              "end": 43
            }
          },
          {
            "type": "VariableDeclaration",
            "kind": "const",
            "declarations": [
              {
                "type": "VariableDeclarator",
                "id": {
                  "type": "Identifier",
                  "name": "onEvent",
                  "typeAnnotation": null,
                  "loc": null,
                  "range": {
                    "start": 52,
                    "end": 59
                  }
                },
                "init": {
                  "type": "ArrowFunctionExpression",
                  "id": null,
                  "params": [],
                  "body": {
                    "type": "BlockStatement",
                    "body": [
                      {
                        "type": "ExpressionStatement",
                        "expression": {
                          "type": "CallExpression",
                          "callee": {
                            "type": "MemberExpression",
                            "object": {
                              "type": "Identifier",
                              "name": "console",
                              "typeAnnotation": null,
                              "loc": null,
                              "range": {
                                "start": 74,
                                "end": 81
                              }
                            },
                            "property": {
                              "type": "Identifier",
                              "name": "log",
                              "typeAnnotation": null,
                              "loc": null,
                              "range": {
                                "start": 82,
                                "end": 85
                              }
                            },
                            "computed": false,
                            "loc": null,
                            "range": {
                              "start": 74,
                              "end": 85
                            }
                          },
                          "arguments": [
                            {
                              "type": "Identifier",
                              "name": "x",
                              "typeAnnotation": null,
                              "loc": null,
                              "range": {
                                "start": 86,
                                "end": 87
                              }
                            }
                          ],
                          "loc": null,
                          "range": {
                            "start": 74,
                            "end": 88
                          }
                        },
                        "directive": null,
                        "loc": null,
                        "range": {
                          "start": 74,
                          "end": 89
                        }
                      }
                    ],
                    "loc": null,
                    "range": {
                      "start": 68,
                      "end": 93
                    }
                  },
                  "generator": false,
                  "async": false,
                  "loc": null,
                  "range": {
                    "start": 62,
                    "end": 93
                  },
                  "expression": false,
                  "loc": null,
                  "range": {
                    "start": 62,
                    "end": 93
                  }
                },
                "loc": null,
                "range": {
                  "start": 52,
                  "end": 93
                }
              }
            ],
            "loc": null,
            "range": {
              "start": 46,
              "end": 94
            }
          },
          {
            "type": "ReturnStatement",
            "argument": {
              "type": "JSXElement",
              "openingElement": {
                "type": "JSXOpeningElement",
                "name": {
                  "type": "JSXIdentifier",
                  "name": "Foo",
                  "loc": null,
                  "range": {
                    "start": 105,
                    "end": 108
                  }
                },
                "attributes": [
                  {
                    "type": "JSXAttribute",
                    "name": {
                      "type": "JSXIdentifier",
                      "name": "onEvent",
                      "loc": null,
                      "range": {
                        "start": 109,
                        "end": 116
                      }
                    },
                    "value": {
                      "type": "JSXExpressionContainer",
                      "expression": {
                        "type": "Identifier",
                        "name": "onEvent",
                        "typeAnnotation": null,
                        "loc": null,
                        "range": {
                          "start": 118,
                          "end": 125
                        }
                      },
                      "loc": null,
                      "range": {
                        "start": 117,
                        "end": 126
                      }
                    },
                    "loc": null,
                    "range": {
                      "start": 109,
                      "end": 126
                    }
                  }
                ],
                "selfClosing": true,
                "loc": null,
                "range": {
                  "start": 104,
                  "end": 129
                }
              },
              "children": [],
              "closingElement": null,
              "loc": null,
              "range": {
                "start": 104,
                "end": 129
              }
            },
            "loc": null,
            "range": {
              "start": 97,
              "end": 130
            }
          }
        ],
        "loc": null,
        "range": {
          "start": 26,
          "end": 132
        }
      },
      "generator": false,
      "async": false,
      "loc": null,
      "range": {
        "start": 0,
        "end": 132
      },
      "loc": null,
      "range": {
        "start": 0,
        "end": 132
      }
    }
  ],
  "sourceType": "script",
  "loc": null,
  "range": {
    "start": 0,
    "end": 132
  }
}
