---
source: crates/forget_hermes_parser/tests/parser_test.rs
expression: "format!(\"Input:\\n{input}\\n\\nOutput:\\n{output}\")"
input_file: crates/forget_hermes_parser/tests/fixtures/interdependent-across-if.js
---
Input:
function compute() {}
function foo() {}
function Foo() {}

/**
 * Should produce 1 scope:
 *
 * return: inputs=props.a & props.b & props.c; outputs=return
 *   const a = compute(props.a);
 *   const b = compute(props.b);
 *   if (props.c)
 *     foo(a, b);
 *   return = <Foo a={a} b={b} />
 */
function Component(props) {
  const a = compute(props.a);
  const b = compute(props.b);
  if (props.c) {
    foo(a, b);
  }
  return <Foo a={a} b={b} />;
}


Output:
{
  "type": "Program",
  "body": [
    {
      "type": "FunctionDeclaration",
      "id": {
        "type": "Identifier",
        "name": "compute",
        "typeAnnotation": null,
        "loc": null,
        "range": {
          "start": 9,
          "end": 16
        }
      },
      "params": [],
      "body": {
        "type": "BlockStatement",
        "body": [],
        "loc": null,
        "range": {
          "start": 19,
          "end": 21
        }
      },
      "generator": false,
      "async": false,
      "loc": null,
      "range": {
        "start": 0,
        "end": 21
      },
      "loc": null,
      "range": {
        "start": 0,
        "end": 21
      }
    },
    {
      "type": "FunctionDeclaration",
      "id": {
        "type": "Identifier",
        "name": "foo",
        "typeAnnotation": null,
        "loc": null,
        "range": {
          "start": 31,
          "end": 34
        }
      },
      "params": [],
      "body": {
        "type": "BlockStatement",
        "body": [],
        "loc": null,
        "range": {
          "start": 37,
          "end": 39
        }
      },
      "generator": false,
      "async": false,
      "loc": null,
      "range": {
        "start": 22,
        "end": 39
      },
      "loc": null,
      "range": {
        "start": 22,
        "end": 39
      }
    },
    {
      "type": "FunctionDeclaration",
      "id": {
        "type": "Identifier",
        "name": "Foo",
        "typeAnnotation": null,
        "loc": null,
        "range": {
          "start": 49,
          "end": 52
        }
      },
      "params": [],
      "body": {
        "type": "BlockStatement",
        "body": [],
        "loc": null,
        "range": {
          "start": 55,
          "end": 57
        }
      },
      "generator": false,
      "async": false,
      "loc": null,
      "range": {
        "start": 40,
        "end": 57
      },
      "loc": null,
      "range": {
        "start": 40,
        "end": 57
      }
    },
    {
      "type": "FunctionDeclaration",
      "id": {
        "type": "Identifier",
        "name": "Component",
        "typeAnnotation": null,
        "loc": null,
        "range": {
          "start": 304,
          "end": 313
        }
      },
      "params": [
        {
          "type": "Identifier",
          "name": "props",
          "typeAnnotation": null,
          "loc": null,
          "range": {
            "start": 314,
            "end": 319
          }
        }
      ],
      "body": {
        "type": "BlockStatement",
        "body": [
          {
            "type": "VariableDeclaration",
            "kind": "const",
            "declarations": [
              {
                "type": "VariableDeclarator",
                "id": {
                  "type": "Identifier",
                  "name": "a",
                  "typeAnnotation": null,
                  "loc": null,
                  "range": {
                    "start": 331,
                    "end": 332
                  }
                },
                "init": {
                  "type": "CallExpression",
                  "callee": {
                    "type": "Identifier",
                    "name": "compute",
                    "typeAnnotation": null,
                    "loc": null,
                    "range": {
                      "start": 335,
                      "end": 342
                    }
                  },
                  "arguments": [
                    {
                      "type": "MemberExpression",
                      "object": {
                        "type": "Identifier",
                        "name": "props",
                        "typeAnnotation": null,
                        "loc": null,
                        "range": {
                          "start": 343,
                          "end": 348
                        }
                      },
                      "property": {
                        "type": "Identifier",
                        "name": "a",
                        "typeAnnotation": null,
                        "loc": null,
                        "range": {
                          "start": 349,
                          "end": 350
                        }
                      },
                      "computed": false,
                      "loc": null,
                      "range": {
                        "start": 343,
                        "end": 350
                      }
                    }
                  ],
                  "loc": null,
                  "range": {
                    "start": 335,
                    "end": 351
                  }
                },
                "loc": null,
                "range": {
                  "start": 331,
                  "end": 351
                }
              }
            ],
            "loc": null,
            "range": {
              "start": 325,
              "end": 352
            }
          },
          {
            "type": "VariableDeclaration",
            "kind": "const",
            "declarations": [
              {
                "type": "VariableDeclarator",
                "id": {
                  "type": "Identifier",
                  "name": "b",
                  "typeAnnotation": null,
                  "loc": null,
                  "range": {
                    "start": 361,
                    "end": 362
                  }
                },
                "init": {
                  "type": "CallExpression",
                  "callee": {
                    "type": "Identifier",
                    "name": "compute",
                    "typeAnnotation": null,
                    "loc": null,
                    "range": {
                      "start": 365,
                      "end": 372
                    }
                  },
                  "arguments": [
                    {
                      "type": "MemberExpression",
                      "object": {
                        "type": "Identifier",
                        "name": "props",
                        "typeAnnotation": null,
                        "loc": null,
                        "range": {
                          "start": 373,
                          "end": 378
                        }
                      },
                      "property": {
                        "type": "Identifier",
                        "name": "b",
                        "typeAnnotation": null,
                        "loc": null,
                        "range": {
                          "start": 379,
                          "end": 380
                        }
                      },
                      "computed": false,
                      "loc": null,
                      "range": {
                        "start": 373,
                        "end": 380
                      }
                    }
                  ],
                  "loc": null,
                  "range": {
                    "start": 365,
                    "end": 381
                  }
                },
                "loc": null,
                "range": {
                  "start": 361,
                  "end": 381
                }
              }
            ],
            "loc": null,
            "range": {
              "start": 355,
              "end": 382
            }
          },
          {
            "type": "IfStatement",
            "test": {
              "type": "MemberExpression",
              "object": {
                "type": "Identifier",
                "name": "props",
                "typeAnnotation": null,
                "loc": null,
                "range": {
                  "start": 389,
                  "end": 394
                }
              },
              "property": {
                "type": "Identifier",
                "name": "c",
                "typeAnnotation": null,
                "loc": null,
                "range": {
                  "start": 395,
                  "end": 396
                }
              },
              "computed": false,
              "loc": null,
              "range": {
                "start": 389,
                "end": 396
              }
            },
            "consequent": {
              "type": "BlockStatement",
              "body": [
                {
                  "type": "ExpressionStatement",
                  "expression": {
                    "type": "CallExpression",
                    "callee": {
                      "type": "Identifier",
                      "name": "foo",
                      "typeAnnotation": null,
                      "loc": null,
                      "range": {
                        "start": 404,
                        "end": 407
                      }
                    },
                    "arguments": [
                      {
                        "type": "Identifier",
                        "name": "a",
                        "typeAnnotation": null,
                        "loc": null,
                        "range": {
                          "start": 408,
                          "end": 409
                        }
                      },
                      {
                        "type": "Identifier",
                        "name": "b",
                        "typeAnnotation": null,
                        "loc": null,
                        "range": {
                          "start": 411,
                          "end": 412
                        }
                      }
                    ],
                    "loc": null,
                    "range": {
                      "start": 404,
                      "end": 413
                    }
                  },
                  "directive": null,
                  "loc": null,
                  "range": {
                    "start": 404,
                    "end": 414
                  }
                }
              ],
              "loc": null,
              "range": {
                "start": 398,
                "end": 418
              }
            },
            "alternate": null,
            "loc": null,
            "range": {
              "start": 385,
              "end": 418
            }
          },
          {
            "type": "ReturnStatement",
            "argument": {
              "type": "JSXElement",
              "openingElement": {
                "type": "JSXOpeningElement",
                "name": {
                  "type": "JSXIdentifier",
                  "name": "Foo",
                  "loc": null,
                  "range": {
                    "start": 429,
                    "end": 432
                  }
                },
                "attributes": [
                  {
                    "type": "JSXAttribute",
                    "name": {
                      "type": "JSXIdentifier",
                      "name": "a",
                      "loc": null,
                      "range": {
                        "start": 433,
                        "end": 434
                      }
                    },
                    "value": {
                      "type": "JSXExpressionContainer",
                      "expression": {
                        "type": "Identifier",
                        "name": "a",
                        "typeAnnotation": null,
                        "loc": null,
                        "range": {
                          "start": 436,
                          "end": 437
                        }
                      },
                      "loc": null,
                      "range": {
                        "start": 435,
                        "end": 438
                      }
                    },
                    "loc": null,
                    "range": {
                      "start": 433,
                      "end": 438
                    }
                  },
                  {
                    "type": "JSXAttribute",
                    "name": {
                      "type": "JSXIdentifier",
                      "name": "b",
                      "loc": null,
                      "range": {
                        "start": 439,
                        "end": 440
                      }
                    },
                    "value": {
                      "type": "JSXExpressionContainer",
                      "expression": {
                        "type": "Identifier",
                        "name": "b",
                        "typeAnnotation": null,
                        "loc": null,
                        "range": {
                          "start": 442,
                          "end": 443
                        }
                      },
                      "loc": null,
                      "range": {
                        "start": 441,
                        "end": 444
                      }
                    },
                    "loc": null,
                    "range": {
                      "start": 439,
                      "end": 444
                    }
                  }
                ],
                "selfClosing": true,
                "loc": null,
                "range": {
                  "start": 428,
                  "end": 447
                }
              },
              "children": [],
              "closingElement": null,
              "loc": null,
              "range": {
                "start": 428,
                "end": 447
              }
            },
            "loc": null,
            "range": {
              "start": 421,
              "end": 448
            }
          }
        ],
        "loc": null,
        "range": {
          "start": 321,
          "end": 450
        }
      },
      "generator": false,
      "async": false,
      "loc": null,
      "range": {
        "start": 295,
        "end": 450
      },
      "loc": null,
      "range": {
        "start": 295,
        "end": 450
      }
    }
  ],
  "sourceType": "script",
  "loc": null,
  "range": {
    "start": 0,
    "end": 450
  }
}
