---
source: crates/forget_hermes_parser/tests/parser_test.rs
expression: "format!(\"Input:\\n{input}\\n\\nOutput:\\n{output}\")"
input_file: crates/forget_hermes_parser/tests/fixtures/destructuring-assignment.js
---
Input:
function foo(a, b, c) {
  let d, g, n, o;
  [
    d,
    [
      {
        e: { f: g },
      },
    ],
  ] = a;
  ({
    l: {
      m: [[n]],
    },
    o,
  } = b);
  return { d, g, n, o };
}


Output:
{
  "type": "Program",
  "body": [
    {
      "type": "FunctionDeclaration",
      "id": {
        "type": "Identifier",
        "name": "foo",
        "typeAnnotation": null,
        "loc": null,
        "range": {
          "start": 9,
          "end": 12
        }
      },
      "params": [
        {
          "type": "Identifier",
          "name": "a",
          "typeAnnotation": null,
          "loc": null,
          "range": {
            "start": 13,
            "end": 14
          }
        },
        {
          "type": "Identifier",
          "name": "b",
          "typeAnnotation": null,
          "loc": null,
          "range": {
            "start": 16,
            "end": 17
          }
        },
        {
          "type": "Identifier",
          "name": "c",
          "typeAnnotation": null,
          "loc": null,
          "range": {
            "start": 19,
            "end": 20
          }
        }
      ],
      "body": {
        "type": "BlockStatement",
        "body": [
          {
            "type": "VariableDeclaration",
            "kind": "let",
            "declarations": [
              {
                "type": "VariableDeclarator",
                "id": {
                  "type": "Identifier",
                  "name": "d",
                  "typeAnnotation": null,
                  "loc": null,
                  "range": {
                    "start": 30,
                    "end": 31
                  }
                },
                "init": null,
                "loc": null,
                "range": {
                  "start": 30,
                  "end": 31
                }
              },
              {
                "type": "VariableDeclarator",
                "id": {
                  "type": "Identifier",
                  "name": "g",
                  "typeAnnotation": null,
                  "loc": null,
                  "range": {
                    "start": 33,
                    "end": 34
                  }
                },
                "init": null,
                "loc": null,
                "range": {
                  "start": 33,
                  "end": 34
                }
              },
              {
                "type": "VariableDeclarator",
                "id": {
                  "type": "Identifier",
                  "name": "n",
                  "typeAnnotation": null,
                  "loc": null,
                  "range": {
                    "start": 36,
                    "end": 37
                  }
                },
                "init": null,
                "loc": null,
                "range": {
                  "start": 36,
                  "end": 37
                }
              },
              {
                "type": "VariableDeclarator",
                "id": {
                  "type": "Identifier",
                  "name": "o",
                  "typeAnnotation": null,
                  "loc": null,
                  "range": {
                    "start": 39,
                    "end": 40
                  }
                },
                "init": null,
                "loc": null,
                "range": {
                  "start": 39,
                  "end": 40
                }
              }
            ],
            "loc": null,
            "range": {
              "start": 26,
              "end": 41
            }
          },
          {
            "type": "ExpressionStatement",
            "expression": {
              "type": "AssignmentExpression",
              "operator": "=",
              "left": {
                "type": "ArrayPattern",
                "elements": [
                  {
                    "type": "Identifier",
                    "name": "d",
                    "typeAnnotation": null,
                    "loc": null,
                    "range": {
                      "start": 50,
                      "end": 51
                    }
                  },
                  {
                    "type": "ArrayPattern",
                    "elements": [
                      {
                        "type": "ObjectPattern",
                        "properties": [
                          {
                            "type": "Property",
                            "key": {
                              "type": "Identifier",
                              "name": "e",
                              "typeAnnotation": null,
                              "loc": null,
                              "range": {
                                "start": 75,
                                "end": 76
                              }
                            },
                            "value": {
                              "type": "ObjectPattern",
                              "properties": [
                                {
                                  "type": "Property",
                                  "key": {
                                    "type": "Identifier",
                                    "name": "f",
                                    "typeAnnotation": null,
                                    "loc": null,
                                    "range": {
                                      "start": 80,
                                      "end": 81
                                    }
                                  },
                                  "value": {
                                    "type": "Identifier",
                                    "name": "g",
                                    "typeAnnotation": null,
                                    "loc": null,
                                    "range": {
                                      "start": 83,
                                      "end": 84
                                    }
                                  },
                                  "kind": "init",
                                  "computed": false,
                                  "shorthand": false,
                                  "method": false,
                                  "loc": null,
                                  "range": {
                                    "start": 80,
                                    "end": 84
                                  }
                                }
                              ],
                              "loc": null,
                              "range": {
                                "start": 78,
                                "end": 86
                              }
                            },
                            "kind": "init",
                            "computed": false,
                            "shorthand": false,
                            "method": false,
                            "loc": null,
                            "range": {
                              "start": 75,
                              "end": 86
                            }
                          }
                        ],
                        "loc": null,
                        "range": {
                          "start": 65,
                          "end": 95
                        }
                      }
                    ],
                    "loc": null,
                    "range": {
                      "start": 57,
                      "end": 102
                    }
                  }
                ],
                "loc": null,
                "range": {
                  "start": 44,
                  "end": 107
                }
              },
              "right": {
                "type": "Identifier",
                "name": "a",
                "typeAnnotation": null,
                "loc": null,
                "range": {
                  "start": 110,
                  "end": 111
                }
              },
              "loc": null,
              "range": {
                "start": 44,
                "end": 111
              }
            },
            "directive": null,
            "loc": null,
            "range": {
              "start": 44,
              "end": 112
            }
          },
          {
            "type": "ExpressionStatement",
            "expression": {
              "type": "AssignmentExpression",
              "operator": "=",
              "left": {
                "type": "ObjectPattern",
                "properties": [
                  {
                    "type": "Property",
                    "key": {
                      "type": "Identifier",
                      "name": "l",
                      "typeAnnotation": null,
                      "loc": null,
                      "range": {
                        "start": 122,
                        "end": 123
                      }
                    },
                    "value": {
                      "type": "ObjectPattern",
                      "properties": [
                        {
                          "type": "Property",
                          "key": {
                            "type": "Identifier",
                            "name": "m",
                            "typeAnnotation": null,
                            "loc": null,
                            "range": {
                              "start": 133,
                              "end": 134
                            }
                          },
                          "value": {
                            "type": "ArrayPattern",
                            "elements": [
                              {
                                "type": "ArrayPattern",
                                "elements": [
                                  {
                                    "type": "Identifier",
                                    "name": "n",
                                    "typeAnnotation": null,
                                    "loc": null,
                                    "range": {
                                      "start": 138,
                                      "end": 139
                                    }
                                  }
                                ],
                                "loc": null,
                                "range": {
                                  "start": 137,
                                  "end": 140
                                }
                              }
                            ],
                            "loc": null,
                            "range": {
                              "start": 136,
                              "end": 141
                            }
                          },
                          "kind": "init",
                          "computed": false,
                          "shorthand": false,
                          "method": false,
                          "loc": null,
                          "range": {
                            "start": 133,
                            "end": 141
                          }
                        }
                      ],
                      "loc": null,
                      "range": {
                        "start": 125,
                        "end": 148
                      }
                    },
                    "kind": "init",
                    "computed": false,
                    "shorthand": false,
                    "method": false,
                    "loc": null,
                    "range": {
                      "start": 122,
                      "end": 148
                    }
                  },
                  {
                    "type": "Property",
                    "key": {
                      "type": "Identifier",
                      "name": "o",
                      "typeAnnotation": null,
                      "loc": null,
                      "range": {
                        "start": 154,
                        "end": 155
                      }
                    },
                    "value": {
                      "type": "Identifier",
                      "name": "o",
                      "typeAnnotation": null,
                      "loc": null,
                      "range": {
                        "start": 154,
                        "end": 155
                      }
                    },
                    "kind": "init",
                    "computed": false,
                    "shorthand": true,
                    "method": false,
                    "loc": null,
                    "range": {
                      "start": 154,
                      "end": 155
                    }
                  }
                ],
                "loc": null,
                "range": {
                  "start": 116,
                  "end": 160
                }
              },
              "right": {
                "type": "Identifier",
                "name": "b",
                "typeAnnotation": null,
                "loc": null,
                "range": {
                  "start": 163,
                  "end": 164
                }
              },
              "loc": null,
              "range": {
                "start": 116,
                "end": 164
              }
            },
            "directive": null,
            "loc": null,
            "range": {
              "start": 115,
              "end": 166
            }
          },
          {
            "type": "ReturnStatement",
            "argument": {
              "type": "ObjectExpression",
              "properties": [
                {
                  "type": "Property",
                  "key": {
                    "type": "Identifier",
                    "name": "d",
                    "typeAnnotation": null,
                    "loc": null,
                    "range": {
                      "start": 178,
                      "end": 179
                    }
                  },
                  "value": {
                    "type": "Identifier",
                    "name": "d",
                    "typeAnnotation": null,
                    "loc": null,
                    "range": {
                      "start": 178,
                      "end": 179
                    }
                  },
                  "kind": "init",
                  "method": false,
                  "shorthand": true,
                  "computed": false,
                  "loc": null,
                  "range": {
                    "start": 178,
                    "end": 179
                  }
                },
                {
                  "type": "Property",
                  "key": {
                    "type": "Identifier",
                    "name": "g",
                    "typeAnnotation": null,
                    "loc": null,
                    "range": {
                      "start": 181,
                      "end": 182
                    }
                  },
                  "value": {
                    "type": "Identifier",
                    "name": "g",
                    "typeAnnotation": null,
                    "loc": null,
                    "range": {
                      "start": 181,
                      "end": 182
                    }
                  },
                  "kind": "init",
                  "method": false,
                  "shorthand": true,
                  "computed": false,
                  "loc": null,
                  "range": {
                    "start": 181,
                    "end": 182
                  }
                },
                {
                  "type": "Property",
                  "key": {
                    "type": "Identifier",
                    "name": "n",
                    "typeAnnotation": null,
                    "loc": null,
                    "range": {
                      "start": 184,
                      "end": 185
                    }
                  },
                  "value": {
                    "type": "Identifier",
                    "name": "n",
                    "typeAnnotation": null,
                    "loc": null,
                    "range": {
                      "start": 184,
                      "end": 185
                    }
                  },
                  "kind": "init",
                  "method": false,
                  "shorthand": true,
                  "computed": false,
                  "loc": null,
                  "range": {
                    "start": 184,
                    "end": 185
                  }
                },
                {
                  "type": "Property",
                  "key": {
                    "type": "Identifier",
                    "name": "o",
                    "typeAnnotation": null,
                    "loc": null,
                    "range": {
                      "start": 187,
                      "end": 188
                    }
                  },
                  "value": {
                    "type": "Identifier",
                    "name": "o",
                    "typeAnnotation": null,
                    "loc": null,
                    "range": {
                      "start": 187,
                      "end": 188
                    }
                  },
                  "kind": "init",
                  "method": false,
                  "shorthand": true,
                  "computed": false,
                  "loc": null,
                  "range": {
                    "start": 187,
                    "end": 188
                  }
                }
              ],
              "loc": null,
              "range": {
                "start": 176,
                "end": 190
              }
            },
            "loc": null,
            "range": {
              "start": 169,
              "end": 191
            }
          }
        ],
        "loc": null,
        "range": {
          "start": 22,
          "end": 193
        }
      },
      "generator": false,
      "async": false,
      "loc": null,
      "range": {
        "start": 0,
        "end": 193
      },
      "loc": null,
      "range": {
        "start": 0,
        "end": 193
      }
    }
  ],
  "sourceType": "script",
  "loc": null,
  "range": {
    "start": 0,
    "end": 193
  }
}
