---
source: crates/forget_hermes_parser/tests/parser_test.rs
expression: "format!(\"Input:\\n{input}\\n\\nOutput:\\n{output}\")"
input_file: crates/forget_hermes_parser/tests/fixtures/gating-test-export-function.js
---
Input:
// @gating @forgetDirective
export function Bar(props) {
  "use forget";
  return <div>{props.bar}</div>;
}

export function NoForget(props) {
  return <Bar>{props.noForget}</Bar>;
}

export function Foo(props) {
  "use forget";
  return <Foo>{props.bar}</Foo>;
}


Output:
{
  "type": "Program",
  "body": [
    {
      "type": "ExportNamedDeclaration",
      "declaration": {
        "type": "FunctionDeclaration",
        "id": {
          "type": "Identifier",
          "name": "Bar",
          "typeAnnotation": null,
          "loc": null,
          "range": [
            44,
            47
          ]
        },
        "params": [
          {
            "type": "Identifier",
            "name": "props",
            "typeAnnotation": null,
            "loc": null,
            "range": [
              48,
              53
            ]
          }
        ],
        "body": {
          "type": "BlockStatement",
          "body": [
            {
              "type": "ExpressionStatement",
              "expression": {
                "type": "StringLiteral",
                "value": "use forget",
                "loc": null,
                "range": [
                  59,
                  71
                ]
              },
              "directive": null,
              "loc": null,
              "range": [
                59,
                72
              ]
            },
            {
              "type": "ReturnStatement",
              "argument": {
                "type": "JSXElement",
                "openingElement": {
                  "type": "JSXOpeningElement",
                  "name": {
                    "type": "JSXIdentifier",
                    "name": "div",
                    "loc": null,
                    "range": [
                      83,
                      86
                    ]
                  },
                  "attributes": [],
                  "selfClosing": false,
                  "loc": null,
                  "range": [
                    82,
                    87
                  ]
                },
                "children": [
                  {
                    "type": "JSXExpressionContainer",
                    "expression": {
                      "type": "MemberExpression",
                      "object": {
                        "type": "Identifier",
                        "name": "props",
                        "typeAnnotation": null,
                        "loc": null,
                        "range": [
                          88,
                          93
                        ]
                      },
                      "property": {
                        "type": "Identifier",
                        "name": "bar",
                        "typeAnnotation": null,
                        "loc": null,
                        "range": [
                          94,
                          97
                        ]
                      },
                      "computed": false,
                      "loc": null,
                      "range": [
                        88,
                        97
                      ]
                    },
                    "loc": null,
                    "range": [
                      87,
                      98
                    ]
                  }
                ],
                "closingElement": {
                  "type": "JSXClosingElement",
                  "name": {
                    "type": "JSXIdentifier",
                    "name": "div",
                    "loc": null,
                    "range": [
                      100,
                      103
                    ]
                  },
                  "loc": null,
                  "range": [
                    98,
                    104
                  ]
                },
                "loc": null,
                "range": [
                  82,
                  104
                ]
              },
              "loc": null,
              "range": [
                75,
                105
              ]
            }
          ],
          "loc": null,
          "range": [
            55,
            107
          ]
        },
        "generator": false,
        "async": false,
        "loc": null,
        "range": [
          35,
          107
        ],
        "loc": null,
        "range": [
          35,
          107
        ]
      },
      "specifiers": [],
      "source": null,
      "loc": null,
      "range": [
        28,
        107
      ]
    },
    {
      "type": "ExportNamedDeclaration",
      "declaration": {
        "type": "FunctionDeclaration",
        "id": {
          "type": "Identifier",
          "name": "NoForget",
          "typeAnnotation": null,
          "loc": null,
          "range": [
            125,
            133
          ]
        },
        "params": [
          {
            "type": "Identifier",
            "name": "props",
            "typeAnnotation": null,
            "loc": null,
            "range": [
              134,
              139
            ]
          }
        ],
        "body": {
          "type": "BlockStatement",
          "body": [
            {
              "type": "ReturnStatement",
              "argument": {
                "type": "JSXElement",
                "openingElement": {
                  "type": "JSXOpeningElement",
                  "name": {
                    "type": "JSXIdentifier",
                    "name": "Bar",
                    "loc": null,
                    "range": [
                      153,
                      156
                    ]
                  },
                  "attributes": [],
                  "selfClosing": false,
                  "loc": null,
                  "range": [
                    152,
                    157
                  ]
                },
                "children": [
                  {
                    "type": "JSXExpressionContainer",
                    "expression": {
                      "type": "MemberExpression",
                      "object": {
                        "type": "Identifier",
                        "name": "props",
                        "typeAnnotation": null,
                        "loc": null,
                        "range": [
                          158,
                          163
                        ]
                      },
                      "property": {
                        "type": "Identifier",
                        "name": "noForget",
                        "typeAnnotation": null,
                        "loc": null,
                        "range": [
                          164,
                          172
                        ]
                      },
                      "computed": false,
                      "loc": null,
                      "range": [
                        158,
                        172
                      ]
                    },
                    "loc": null,
                    "range": [
                      157,
                      173
                    ]
                  }
                ],
                "closingElement": {
                  "type": "JSXClosingElement",
                  "name": {
                    "type": "JSXIdentifier",
                    "name": "Bar",
                    "loc": null,
                    "range": [
                      175,
                      178
                    ]
                  },
                  "loc": null,
                  "range": [
                    173,
                    179
                  ]
                },
                "loc": null,
                "range": [
                  152,
                  179
                ]
              },
              "loc": null,
              "range": [
                145,
                180
              ]
            }
          ],
          "loc": null,
          "range": [
            141,
            182
          ]
        },
        "generator": false,
        "async": false,
        "loc": null,
        "range": [
          116,
          182
        ],
        "loc": null,
        "range": [
          116,
          182
        ]
      },
      "specifiers": [],
      "source": null,
      "loc": null,
      "range": [
        109,
        182
      ]
    },
    {
      "type": "ExportNamedDeclaration",
      "declaration": {
        "type": "FunctionDeclaration",
        "id": {
          "type": "Identifier",
          "name": "Foo",
          "typeAnnotation": null,
          "loc": null,
          "range": [
            200,
            203
          ]
        },
        "params": [
          {
            "type": "Identifier",
            "name": "props",
            "typeAnnotation": null,
            "loc": null,
            "range": [
              204,
              209
            ]
          }
        ],
        "body": {
          "type": "BlockStatement",
          "body": [
            {
              "type": "ExpressionStatement",
              "expression": {
                "type": "StringLiteral",
                "value": "use forget",
                "loc": null,
                "range": [
                  215,
                  227
                ]
              },
              "directive": null,
              "loc": null,
              "range": [
                215,
                228
              ]
            },
            {
              "type": "ReturnStatement",
              "argument": {
                "type": "JSXElement",
                "openingElement": {
                  "type": "JSXOpeningElement",
                  "name": {
                    "type": "JSXIdentifier",
                    "name": "Foo",
                    "loc": null,
                    "range": [
                      239,
                      242
                    ]
                  },
                  "attributes": [],
                  "selfClosing": false,
                  "loc": null,
                  "range": [
                    238,
                    243
                  ]
                },
                "children": [
                  {
                    "type": "JSXExpressionContainer",
                    "expression": {
                      "type": "MemberExpression",
                      "object": {
                        "type": "Identifier",
                        "name": "props",
                        "typeAnnotation": null,
                        "loc": null,
                        "range": [
                          244,
                          249
                        ]
                      },
                      "property": {
                        "type": "Identifier",
                        "name": "bar",
                        "typeAnnotation": null,
                        "loc": null,
                        "range": [
                          250,
                          253
                        ]
                      },
                      "computed": false,
                      "loc": null,
                      "range": [
                        244,
                        253
                      ]
                    },
                    "loc": null,
                    "range": [
                      243,
                      254
                    ]
                  }
                ],
                "closingElement": {
                  "type": "JSXClosingElement",
                  "name": {
                    "type": "JSXIdentifier",
                    "name": "Foo",
                    "loc": null,
                    "range": [
                      256,
                      259
                    ]
                  },
                  "loc": null,
                  "range": [
                    254,
                    260
                  ]
                },
                "loc": null,
                "range": [
                  238,
                  260
                ]
              },
              "loc": null,
              "range": [
                231,
                261
              ]
            }
          ],
          "loc": null,
          "range": [
            211,
            263
          ]
        },
        "generator": false,
        "async": false,
        "loc": null,
        "range": [
          191,
          263
        ],
        "loc": null,
        "range": [
          191,
          263
        ]
      },
      "specifiers": [],
      "source": null,
      "loc": null,
      "range": [
        184,
        263
      ]
    }
  ],
  "sourceType": "script",
  "loc": null,
  "range": [
    28,
    263
  ]
}
